This is LuaHBTeX, Version 1.24.0 (MiKTeX 25.12) (format=lualatex 2026.8.25)  25 AUG 2026 23:45
 restricted system commands enabled.
**report.tex
(./report.tex
LaTeX2e <2025-11-01>
L3 programming layer <2025-12-24>
Lua module: luaotfload 2024-12-03 v3.29 Lua based OpenType font support
Lua module: lualibs 2023-07-13 v2.76 ConTeXt Lua standard libraries.
Lua module: lualibs-extended 2023-07-13 v2.76 ConTeXt Lua libraries -- extended 
collection.
luaotfload | conf : Root cache directory is "C:/Users/asmab/AppData/Local/MiKTeX
/luatex-cache/generic/names".
luaotfload | init : Loading fontloader "fontloader-2023-12-28.lua" from kpse-res
olved path "C:/Users/asmab/AppData/Local/Programs/MiKTeX/tex/luatex/luaotfload/f
ontloader-2023-12-28.lua".
Lua-only attribute luaotfload@noligature = 1
luaotfload | init : Context OpenType loader version 3.134
Inserting `luaotfload.node_processor' in `pre_linebreak_filter'.
Inserting `luaotfload.node_processor' in `hpack_filter'.
Inserting `luaotfload.glyph_stream' in `glyph_stream_provider'.
Inserting `luaotfload.define_font' in `define_font'.
Lua-only attribute luaotfload_color_attribute = 2
luaotfload | conf : Root cache directory is "C:/Users/asmab/AppData/Local/MiKTeX
/luatex-cache/generic/names".
Inserting `luaotfload.harf.strip_prefix' in `find_opentype_file'.
Inserting `luaotfload.harf.strip_prefix' in `find_truetype_file'.
Removing  `luaotfload.glyph_stream' from `glyph_stream_provider'.
Inserting `luaotfload.harf.glyphstream' in `glyph_stream_provider'.
Inserting `luaotfload.harf.finalize_vlist' in `post_linebreak_filter'.
Inserting `luaotfload.harf.finalize_hlist' in `hpack_filter'.
Inserting `luaotfload.cleanup_files' in `wrapup_run'.
Inserting `luaotfload.harf.finalize_unicode' in `finish_pdffile'.
Inserting `luaotfload.glyphinfo' in `glyph_info'.
Lua-only attribute luaotfload.letterspace_done = 3
Inserting `luaotfload.aux.set_sscale_dimens' in `luaotfload.patch_font'.
Inserting `luaotfload.aux.set_font_index' in `luaotfload.patch_font'.
Inserting `luaotfload.aux.patch_cambria_domh' in `luaotfload.patch_font'.
Inserting `luaotfload.aux.fixup_fontdata' in `luaotfload.patch_font_unsafe'.
Inserting `luaotfload.aux.set_capheight' in `luaotfload.patch_font'.
Inserting `luaotfload.aux.set_xheight' in `luaotfload.patch_font'.
Inserting `luaotfload.rewrite_fontname' in `luaotfload.patch_font'.
Inserting `tracingstacklevels' in `input_level_string'. (C:/Users/asmab/AppData
/Local/Programs/MiKTeX/tex/latex/base/article.cls
Document Class: article 2025/01/22 v1.4n Standard LaTeX document class
(C:/Users/asmab/AppData/Local/Programs/MiKTeX/tex/latex/base/size11.clo
File: size11.clo 2025/01/22 v1.4n Standard LaTeX file (size option)
luaotfload | db : Font names database loaded from C:/Users/asmab/AppData/Local/M
iKTeX/luatex-cache/generic/names/luaotfload-names.luc.gz)
\c@part=\count273
\c@section=\count274
\c@subsection=\count275
\c@subsubsection=\count276
\c@paragraph=\count277
\c@subparagraph=\count278
\c@figure=\count279
\c@table=\count280
\abovecaptionskip=\skip49
\belowcaptionskip=\skip50
\bibindent=\dimen147
)
(C:/Users/asmab/AppData/Local/Programs/MiKTeX/tex/latex/fontspec/fontspec.sty
(C:/Users/asmab/AppData/Local/Programs/MiKTeX/tex/latex/l3packages/xparse/xpars
e.sty
(C:/Users/asmab/AppData/Local/Programs/MiKTeX/tex/latex/l3kernel/expl3.sty
Package: expl3 2025-12-24 L3 programming layer (loader) 

(C:/Users/asmab/AppData/Local/Programs/MiKTeX/tex/latex/l3backend/l3backend-lua
tex.def
File: l3backend-luatex.def 2025-10-09 L3 backend support: PDF output (LuaTeX)
\l__color_backend_stack_int=\count281
Inserting `l3color' in `luaotfload.parse_color'.))
Package: xparse 2025-10-09 L3 Experimental document command parser
)
Package: fontspec 2025/09/29 v2.9g Font selection for XeLaTeX and LuaLaTeX
Lua module: fontspec 2025/09/29 v2.9g Font selection for XeLaTeX and LuaLaTeX
(C:/Users/asmab/AppData/Local/Programs/MiKTeX/tex/latex/fontspec/fontspec-luate
x.sty
Package: fontspec-luatex 2025/09/29 v2.9g Font selection for XeLaTeX and LuaLaT
eX
\l__fontspec_script_int=\count282
\l__fontspec_language_int=\count283
\l__fontspec_strnum_int=\count284
\l__fontspec_tmp_int=\count285
\l__fontspec_tmpa_int=\count286
\l__fontspec_tmpb_int=\count287
\l__fontspec_tmpc_int=\count288
\l__fontspec_em_int=\count289
\l__fontspec_emdef_int=\count290
\l__fontspec_strong_int=\count291
\l__fontspec_strongdef_int=\count292
\l__fontspec_tmpa_dim=\dimen148
\l__fontspec_tmpb_dim=\dimen149
\l__fontspec_tmpc_dim=\dimen150
 (C:/Users/asmab/AppData/Local/Programs/MiKTeX/tex/latex/base/fontenc.sty
Package: fontenc 2025/07/18 v2.1d Standard LaTeX package
) (C:/Users/asmab/AppData/Local/Programs/MiKTeX/tex/latex/fontspec/fontspec.cfg
)))
luaotfload | cache : Lookup cache loaded from C:/Users/asmab/AppData/Local/MiKTe
X/luatex-cache/generic/names/luaotfload-lookup-cache.luc.

Package fontspec Info: 
(fontspec)             Font family 'LatinModernRoman(0)' created for font
(fontspec)             'Latin Modern Roman' with options [Ligatures=TeX].
(fontspec)              
(fontspec)              This font family consists of the following NFSS
(fontspec)             series/shapes:
(fontspec)              
(fontspec)             - 'normal' (m/n) with NFSS spec.: <->"name:Latin Modern
(fontspec)             Roman:mode=node;script=latn;language=dflt;+tlig;"
(fontspec)             - 'bold' (b/n) with NFSS spec.: <->"name:Latin Modern
(fontspec)             Roman/B:mode=node;script=latn;language=dflt;+tlig;"
(fontspec)             - 'italic' (m/it) with NFSS spec.: <->"name:Latin
(fontspec)             Modern
(fontspec)             Roman/I:mode=node;script=latn;language=dflt;+tlig;"
(fontspec)             - 'bold italic' (b/it) with NFSS spec.: <->"name:Latin
(fontspec)             Modern
(fontspec)             Roman/BI:mode=node;script=latn;language=dflt;+tlig;"


Package fontspec Info: 
(fontspec)             Latin Modern Mono scale = 0.9.


Package fontspec Info: 
(fontspec)             Could not resolve font "Latin Modern Mono/BI" (it
(fontspec)             probably doesn't exist).


Package fontspec Info: 
(fontspec)             Could not resolve font "Latin Modern Mono/B" (it
(fontspec)             probably doesn't exist).


Package fontspec Info: 
(fontspec)             Latin Modern Mono scale = 0.9.


Package fontspec Info: 
(fontspec)             Latin Modern Mono/I scale = 0.9.


Package fontspec Info: 
(fontspec)             Font family 'LatinModernMono(0)' created for font
(fontspec)             'Latin Modern Mono' with options
(fontspec)             [WordSpace={1,0,0},HyphenChar=None,PunctuationSpace=Word
Space,Scale=0.9].
(fontspec)              
(fontspec)              This font family consists of the following NFSS
(fontspec)             series/shapes:
(fontspec)              
(fontspec)             - 'normal' (m/n) with NFSS spec.: <->s*[0.9]"name:Latin
(fontspec)             Modern Mono:mode=node;script=latn;language=dflt;"
(fontspec)             - 'italic' (m/it) with NFSS spec.:
(fontspec)             <->s*[0.9]"name:Latin Modern
(fontspec)             Mono/I:mode=node;script=latn;language=dflt;"

 (C:/Users/asmab/AppData/Local/Programs/MiKTeX/tex/generic/babel/babel.sty
Package: babel 2025/12/11 v25.17 The multilingual framework for LuaLaTeX, pdfLa
TeX and XeLaTeX

(C:/Users/asmab/AppData/Local/Programs/MiKTeX/tex/generic/babel/luababel.def
\bbl@readstream=\read2
\l@afrikaans=\language2
Package babel Info: Non-standard hyphenation setup on input line 118.
\l@ancientgreek=\language3
\l@armenian=\language4
\l@assamese=\language5
\l@basque=\language6
\l@belarusian=\language7
\l@bengali=\language8
\l@bokmal=\language9
\l@bulgarian=\language10
\l@catalan=\language11
\l@churchslavonic=\language12
\l@classiclatin=\language13
\l@coptic=\language14
\l@croatian=\language15
\l@czech=\language16
\l@danish=\language17
\l@dutch=\language18
\l@esperanto=\language19
\l@estonian=\language20
\l@ethiopic=\language21
\l@finnish=\language22
\l@french=\language23
\l@friulan=\language24
\l@galician=\language25
\l@georgian=\language26
\l@german=\language27
\l@greek=\language28
\l@gujarati=\language29
\l@hindi=\language30
\l@hungarian=\language31
\l@icelandic=\language32
\l@indonesian=\language33
\l@interlingua=\language34
\l@irish=\language35
\l@italian=\language36
\l@kannada=\language37
\l@kurmanji=\language38
\l@latin=\language39
\l@latvian=\language40
\l@lithuanian=\language41
\l@liturgicallatin=\language42
\l@macedonian=\language43
\l@malayalam=\language44
\l@marathi=\language45
\l@mongolian=\language46
\l@mongolianlmc=\language47
\l@monogreek=\language48
\l@ngerman=\language49
\l@nynorsk=\language50
\l@occitan=\language51
\l@oriya=\language52
\l@pali=\language53
\l@panjabi=\language54
\l@piedmontese=\language55
\l@polish=\language56
\l@portuguese=\language57
\l@romanian=\language58
\l@romansh=\language59
\l@russian=\language60
\l@sanskrit=\language61
\l@serbian=\language62
\l@serbianc=\language63
\l@slovak=\language64
\l@slovenian=\language65
\l@spanish=\language66
\l@swedish=\language67
\l@swissgerman=\language68
\l@tamil=\language69
\l@telugu=\language70
\l@thai=\language71
\l@turkish=\language72
\l@turkmen=\language73
\l@ukenglish=\language74
\l@ukrainian=\language75
\l@uppersorbian=\language76
\l@usenglishmax=\language77
\l@welsh=\language78
\babelcatcodetablenum=\catcodetable14
\bbl@pattcodes=\catcodetable15
)
\babel@savecnt=\count293
LaTeX Encoding Info:    Redeclaring text command \ij (encoding OT1) on input li
ne 2068.
LaTeX Encoding Info:    Redeclaring text command \IJ (encoding OT1) on input li
ne 2070.
LaTeX Encoding Info:    Redeclaring text command \ij (encoding T1) on input lin
e 2072.
LaTeX Encoding Info:    Redeclaring text command \IJ (encoding T1) on input lin
e 2073.
LaTeX Encoding Info:    Ignoring declaration for text command \ij (encoding ?) 
on input line 2074.
LaTeX Encoding Info:    Ignoring declaration for text command \IJ (encoding ?) 
on input line 2076.
LaTeX Encoding Info:    Ignoring declaration for text command \SS (encoding ?) 
on input line 2101.
\U@D=\dimen151
\l@unhyphenated=\language79

(C:/Users/asmab/AppData/Local/Programs/MiKTeX/tex/generic/babel/luababel.def
\bbl@attr@locale=\attribute4
)
Package babel Info: Configuration files are deprecated, as
(babel)             they can break document portability.
(babel)             Reported on input line 4196.

*************************************
* Local config file bblopts.cfg used
*
(C:/Users/asmab/AppData/Local/Programs/MiKTeX/tex/latex/arabi/bblopts.cfg
File: bblopts.cfg 2005/09/08 v0.1 add Arabic and Farsi to "declared" options of
 babel
)
(C:/Users/asmab/AppData/Local/Programs/MiKTeX/tex/generic/babel/locale/fr/babel
-french.tex)
Package babel Info: Importing font and identification data for french
(babel)             from babel-fr.ini. Reported on input line 4320.

(C:/Users/asmab/AppData/Local/Programs/MiKTeX/tex/generic/babel-french/french.l
df
Language: french 2026-06-06 v4.1a French support from the babel system
\FB@spacing=\attribute5
\FB@addDPspace=\attribute6
\FB@ucsNBSP=\attribute7
\FBguill@level=\count294
\FBold@everypar=\toks17
\FB@Mht=\dimen152
\mc@charclass=\count295
\mc@charfam=\count296
\mc@charslot=\count297
\std@mcc=\count298
\dec@mcc=\count299
Inserting `frenchb.french_punctuation' in `kerning'.
Inserting `frenchb.euphonic_t' in `pre_linebreak_filter'.
\listindentFB=\dimen153
\descindentFB=\dimen154
\labelwidthFB=\dimen155
\labelfullwidthFB=\dimen156
\FB@pardim=\dimen157
\parindentFFN=\dimen158
\FBfnindent=\dimen159

(C:/Users/asmab/AppData/Local/Programs/MiKTeX/tex/generic/hyph-utf8/loadhyph/lo
adhyph-fr.tex UTF-8 French hyphenation patterns
(C:/Users/asmab/AppData/Local/Programs/MiKTeX/tex/generic/hyph-utf8/patterns/te
x/hyph-fr.tex)
(C:/Users/asmab/AppData/Local/Programs/MiKTeX/tex/generic/hyph-utf8/patterns/qu
ote/hyph-quote-fr.tex))))
(C:/Users/asmab/AppData/Local/Programs/MiKTeX/tex/latex/carlisle/scalefnt.sty)
(C:/Users/asmab/AppData/Local/Programs/MiKTeX/tex/latex/amsmath/amsmath.sty
Package: amsmath 2025/07/09 v2.17z AMS math features
\@mathmargin=\skip51

For additional information on amsmath, use the `?' option.
(C:/Users/asmab/AppData/Local/Programs/MiKTeX/tex/latex/amsmath/amstext.sty
Package: amstext 2024/11/17 v2.01 AMS text

(C:/Users/asmab/AppData/Local/Programs/MiKTeX/tex/latex/amsmath/amsgen.sty
File: amsgen.sty 1999/11/30 v2.0 generic functions
\@emptytoks=\toks18
\ex@=\dimen160
))
(C:/Users/asmab/AppData/Local/Programs/MiKTeX/tex/latex/amsmath/amsbsy.sty
Package: amsbsy 1999/11/29 v1.2d Bold Symbols
\pmbraise@=\dimen161
)
(C:/Users/asmab/AppData/Local/Programs/MiKTeX/tex/latex/amsmath/amsopn.sty
Package: amsopn 2022/04/08 v2.04 operator names
)
\inf@bad=\count300
LaTeX Info: Redefining \frac on input line 235.
\uproot@=\count301
\leftroot@=\count302
LaTeX Info: Redefining \overline on input line 398.
LaTeX Info: Redefining \colon on input line 409.
\classnum@=\count303
\DOTSCASE@=\count304
LaTeX Info: Redefining \ldots on input line 495.
LaTeX Info: Redefining \dots on input line 498.
LaTeX Info: Redefining \cdots on input line 619.
\Mathstrutbox@=\box53
\strutbox@=\box54
LaTeX Info: Redefining \big on input line 721.
LaTeX Info: Redefining \Big on input line 722.
LaTeX Info: Redefining \bigg on input line 723.
LaTeX Info: Redefining \Bigg on input line 724.
\big@size=\dimen162
LaTeX Font Info:    Redeclaring font encoding OML on input line 742.
LaTeX Font Info:    Redeclaring font encoding OMS on input line 743.
\macc@depth=\count305
LaTeX Info: Redefining \bmod on input line 904.
LaTeX Info: Redefining \pmod on input line 909.
LaTeX Info: Redefining \smash on input line 939.
LaTeX Info: Redefining \relbar on input line 969.
LaTeX Info: Redefining \Relbar on input line 970.
\c@MaxMatrixCols=\count306
\dotsspace@=\muskip17
\c@parentequation=\count307
\dspbrk@lvl=\count308
\tag@help=\toks19
\row@=\count309
\column@=\count310
\maxfields@=\count311
\andhelp@=\toks20
\eqnshift@=\dimen163
\alignsep@=\dimen164
\tagshift@=\dimen165
\tagwidth@=\dimen166
\totwidth@=\dimen167
\lineht@=\dimen168
\@envbody=\toks21
\multlinegap=\skip52
\multlinetaggap=\skip53
\mathdisplay@stack=\toks22
LaTeX Info: Redefining \[ on input line 2950.
LaTeX Info: Redefining \] on input line 2951.
)
(C:/Users/asmab/AppData/Local/Programs/MiKTeX/tex/latex/amsfonts/amssymb.sty
Package: amssymb 2013/01/14 v3.01 AMS font symbols

(C:/Users/asmab/AppData/Local/Programs/MiKTeX/tex/latex/amsfonts/amsfonts.sty
Package: amsfonts 2013/01/14 v3.01 Basic AMSFonts support
\symAMSa=\mathgroup4
\symAMSb=\mathgroup5
LaTeX Font Info:    Redeclaring math symbol \hbar on input line 98.
LaTeX Font Info:    Overwriting math alphabet `\mathfrak' in version `bold'
(Font)                  U/euf/m/n --> U/euf/b/n on input line 106.
)) (C:/Users/asmab/AppData/Local/Programs/MiKTeX/tex/latex/amscls/amsthm.sty
Package: amsthm 2020/05/29 v2.20.6
\thm@style=\toks23
\thm@bodyfont=\toks24
\thm@headfont=\toks25
\thm@notefont=\toks26
\thm@headpunct=\toks27
\thm@preskip=\skip54
\thm@postskip=\skip55
\thm@headsep=\skip56
\dth@everypar=\toks28
)
(C:/Users/asmab/AppData/Local/Programs/MiKTeX/tex/latex/graphics/graphicx.sty
Package: graphicx 2024/12/31 v1.2e Enhanced LaTeX Graphics (DPC,SPQR)

(C:/Users/asmab/AppData/Local/Programs/MiKTeX/tex/latex/graphics/keyval.sty
Package: keyval 2022/05/29 v1.15 key=value parser (DPC)
\KV@toks@=\toks29
)
(C:/Users/asmab/AppData/Local/Programs/MiKTeX/tex/latex/graphics/graphics.sty
Package: graphics 2024/08/06 v1.4g Standard LaTeX Graphics (DPC,SPQR)

(C:/Users/asmab/AppData/Local/Programs/MiKTeX/tex/latex/graphics/trig.sty
Package: trig 2023/12/02 v1.11 sin cos tan (DPC)
)
(C:/Users/asmab/AppData/Local/Programs/MiKTeX/tex/latex/graphics-cfg/graphics.c
fg
File: graphics.cfg 2016/06/04 v1.11 sample graphics configuration
)
Package graphics Info: Driver file: luatex.def on input line 106.

(C:/Users/asmab/AppData/Local/Programs/MiKTeX/tex/latex/graphics-def/luatex.def
File: luatex.def 2025/09/29 v1.2f Graphics/color driver for luatex
))
\Gin@req@height=\dimen169
\Gin@req@width=\dimen170
)
(C:/Users/asmab/AppData/Local/Programs/MiKTeX/tex/latex/booktabs/booktabs.sty
Package: booktabs 2020/01/12 v1.61803398 Publication quality tables
\heavyrulewidth=\dimen171
\lightrulewidth=\dimen172
\cmidrulewidth=\dimen173
\belowrulesep=\dimen174
\belowbottomsep=\dimen175
\aboverulesep=\dimen176
\abovetopsep=\dimen177
\cmidrulesep=\dimen178
\cmidrulekern=\dimen179
\defaultaddspace=\dimen180
\@cmidla=\count312
\@cmidlb=\count313
\@aboverulesep=\dimen181
\@belowrulesep=\dimen182
\@thisruleclass=\count314
\@lastruleclass=\count315
\@thisrulewidth=\dimen183
)
(C:/Users/asmab/AppData/Local/Programs/MiKTeX/tex/latex/algorithms/algorithm.st
y
Package: algorithm 2009/08/24 v0.1 Document Style `algorithm' - floating enviro
nment
 (C:/Users/asmab/AppData/Local/Programs/MiKTeX/tex/latex/float/float.sty
Package: float 2001/11/08 v1.3d Float enhancements (AL)
\c@float@type=\count316
\float@exts=\toks30
\float@box=\box55
\@float@everytoks=\toks31
\@floatcapt=\box56
)
(C:/Users/asmab/AppData/Local/Programs/MiKTeX/tex/latex/base/ifthen.sty
Package: ifthen 2024/03/16 v1.1e Standard LaTeX ifthen package (DPC)
)
\@float@every@algorithm=\toks32
\c@algorithm=\count317
)
(C:/Users/asmab/AppData/Local/Programs/MiKTeX/tex/latex/algorithms/algorithmic.
sty
Package: algorithmic 2009/08/24 v0.1 Document Style `algorithmic'
\c@ALC@unique=\count318
\c@ALC@line=\count319
\c@ALC@rem=\count320
\c@ALC@depth=\count321
\ALC@tlm=\skip57
\algorithmicindent=\skip58
)
(C:/Users/asmab/AppData/Local/Programs/MiKTeX/tex/latex/listings/listings.sty
\lst@mode=\count322
\lst@gtempboxa=\box57
\lst@token=\toks33
\lst@length=\count323
\lst@currlwidth=\dimen184
\lst@column=\count324
\lst@pos=\count325
\lst@lostspace=\dimen185
\lst@width=\dimen186
\lst@newlines=\count326
\lst@lineno=\count327
\lst@maxwidth=\dimen187

(C:/Users/asmab/AppData/Local/Programs/MiKTeX/tex/latex/listings/lstpatch.sty
File: lstpatch.sty 2025/11/14 1.11b (Carsten Heinz)
)
(C:/Users/asmab/AppData/Local/Programs/MiKTeX/tex/latex/listings/lstmisc.sty
File: lstmisc.sty 2025/11/14 1.11b (Carsten Heinz)
\c@lstnumber=\count328
\lst@skipnumbers=\count329
\lst@framebox=\box58
)
(C:/Users/asmab/AppData/Local/Programs/MiKTeX/tex/latex/listings/listings.cfg
File: listings.cfg 2025/11/14 1.11b listings configuration
))
Package: listings 2025/11/14 1.11b (Carsten Heinz)
==> First Aid for listings.sty no longer applied!
    Expected:
        2024/09/23 1.10c (Carsten Heinz)
    but found:
        2025/11/14 1.11b (Carsten Heinz)
    so I'm assuming it got fixed.
(C:/Users/asmab/AppData/Local/Programs/MiKTeX/tex/latex/xcolor/xcolor.sty
Package: xcolor 2024/09/29 v3.02 LaTeX color extensions (UK)

(C:/Users/asmab/AppData/Local/Programs/MiKTeX/tex/latex/graphics-cfg/color.cfg
File: color.cfg 2016/01/02 v1.6 sample color configuration
)
Package xcolor Info: Driver file: luatex.def on input line 274.
(C:/Users/asmab/AppData/Local/Programs/MiKTeX/tex/latex/graphics/mathcolor.ltx)
Package xcolor Info: Model `cmy' substituted by `cmy0' on input line 1349.
Package xcolor Info: Model `hsb' substituted by `rgb' on input line 1353.
Package xcolor Info: Model `RGB' extended on input line 1365.
Package xcolor Info: Model `HTML' substituted by `rgb' on input line 1367.
Package xcolor Info: Model `Hsb' substituted by `hsb' on input line 1368.
Package xcolor Info: Model `tHsb' substituted by `hsb' on input line 1369.
Package xcolor Info: Model `HSB' substituted by `hsb' on input line 1370.
Package xcolor Info: Model `Gray' substituted by `gray' on input line 1371.
Package xcolor Info: Model `wave' substituted by `hsb' on input line 1372.
) (C:/Users/asmab/AppData/Local/Programs/MiKTeX/tex/latex/hyperref/hyperref.sty
Package: hyperref 2025-07-12 v7.01o Hypertext links for LaTeX
(C:/Users/asmab/AppData/Local/Programs/MiKTeX/tex/generic/iftex/iftex.sty
Package: iftex 2024/12/12 v1.0g TeX engine tests
)
(C:/Users/asmab/AppData/Local/Programs/MiKTeX/tex/latex/kvsetkeys/kvsetkeys.sty
Package: kvsetkeys 2022-10-05 v1.19 Key value parser (HO)
)
(C:/Users/asmab/AppData/Local/Programs/MiKTeX/tex/generic/kvdefinekeys/kvdefine
keys.sty
Package: kvdefinekeys 2019-12-19 v1.6 Define keys (HO)
)
(C:/Users/asmab/AppData/Local/Programs/MiKTeX/tex/generic/pdfescape/pdfescape.s
ty
Package: pdfescape 2019/12/09 v1.15 Implements pdfTeX's escape features (HO)

(C:/Users/asmab/AppData/Local/Programs/MiKTeX/tex/generic/ltxcmds/ltxcmds.sty
Package: ltxcmds 2023-12-04 v1.26 LaTeX kernel commands for general use (HO)
)
(C:/Users/asmab/AppData/Local/Programs/MiKTeX/tex/generic/pdftexcmds/pdftexcmds
.sty
Package: pdftexcmds 2020-06-27 v0.33 Utility functions of pdfTeX for LuaTeX (HO
)

(C:/Users/asmab/AppData/Local/Programs/MiKTeX/tex/generic/infwarerr/infwarerr.s
ty
Package: infwarerr 2019/12/03 v1.5 Providing info/warning/error messages (HO)
)
Package pdftexcmds Info: \pdf@primitive is available.
Package pdftexcmds Info: \pdf@ifprimitive is available.
Package pdftexcmds Info: \pdfdraftmode found.
\pdftexcmds@toks=\toks34
))
(C:/Users/asmab/AppData/Local/Programs/MiKTeX/tex/latex/hycolor/hycolor.sty
Package: hycolor 2020-01-27 v1.10 Color options for hyperref/bookmark (HO)
)
(C:/Users/asmab/AppData/Local/Programs/MiKTeX/tex/latex/hyperref/nameref.sty
Package: nameref 2025-06-21 v2.57 Cross-referencing by name of section

(C:/Users/asmab/AppData/Local/Programs/MiKTeX/tex/latex/refcount/refcount.sty
Package: refcount 2019/12/15 v3.6 Data extraction from label references (HO)
)
(C:/Users/asmab/AppData/Local/Programs/MiKTeX/tex/generic/gettitlestring/gettit
lestring.sty
Package: gettitlestring 2019/12/15 v1.6 Cleanup title references (HO)

(C:/Users/asmab/AppData/Local/Programs/MiKTeX/tex/latex/kvoptions/kvoptions.sty
Package: kvoptions 2022-06-15 v3.15 Key value format for package options (HO)
))
\c@section@level=\count330
)
(C:/Users/asmab/AppData/Local/Programs/MiKTeX/tex/latex/etoolbox/etoolbox.sty
Package: etoolbox 2025/10/02 v2.5m e-TeX tools for LaTeX (JAW)
\etb@tempcnta=\count331
)
(C:/Users/asmab/AppData/Local/Programs/MiKTeX/tex/generic/stringenc/stringenc.s
ty
Package: stringenc 2019/11/29 v1.12 Convert strings between diff. encodings (HO
)
)
\@linkdim=\dimen188
\Hy@linkcounter=\count332
\Hy@pagecounter=\count333
 (C:/Users/asmab/AppData/Local/Programs/MiKTeX/tex/latex/hyperref/pd1enc.def
File: pd1enc.def 2025-07-12 v7.01o Hyperref: PDFDocEncoding definition (HO)
) (C:/Users/asmab/AppData/Local/Programs/MiKTeX/tex/generic/intcalc/intcalc.sty
Package: intcalc 2019/12/15 v1.3 Expandable calculations with integers (HO)
)
\Hy@SavedSpaceFactor=\count334
 (C:/Users/asmab/AppData/Local/Programs/MiKTeX/tex/latex/hyperref/puenc.def
File: puenc.def 2025-07-12 v7.01o Hyperref: PDF Unicode definition (HO)
)
Package hyperref Info: Hyper figures OFF on input line 4195.
Package hyperref Info: Link nesting OFF on input line 4200.
Package hyperref Info: Hyper index ON on input line 4203.
Package hyperref Info: Plain pages OFF on input line 4210.
Package hyperref Info: Backreferencing OFF on input line 4215.
Package hyperref Info: Implicit mode ON; LaTeX internals redefined.
Package hyperref Info: Bookmarks ON on input line 4462.
\c@Hy@tempcnt=\count335

(C:/Users/asmab/AppData/Local/Programs/MiKTeX/tex/latex/url/url.sty
\Urlmuskip=\muskip18
Package: url 2013/09/16  ver 3.4  Verb mode for urls, etc.
)
LaTeX Info: Redefining \url on input line 4801.
\XeTeXLinkMargin=\dimen189

(C:/Users/asmab/AppData/Local/Programs/MiKTeX/tex/generic/bitset/bitset.sty
Package: bitset 2019/12/09 v1.3 Handle bit-vector datatype (HO)

(C:/Users/asmab/AppData/Local/Programs/MiKTeX/tex/generic/bigintcalc/bigintcalc
.sty
Package: bigintcalc 2019/12/15 v1.5 Expandable calculations on big integers (HO
)
))
\Fld@menulength=\count336
\Field@Width=\dimen190
\Fld@charsize=\dimen191
Package hyperref Info: Hyper figures OFF on input line 6078.
Package hyperref Info: Link nesting OFF on input line 6083.
Package hyperref Info: Hyper index ON on input line 6086.
Package hyperref Info: backreferencing OFF on input line 6093.
Package hyperref Info: Link coloring OFF on input line 6098.
Package hyperref Info: Link coloring with OCG OFF on input line 6103.
Package hyperref Info: PDF/A mode OFF on input line 6108.
\Hy@abspage=\count337
\c@Item=\count338
\c@Hfootnote=\count339
)
Package hyperref Info: Driver (autodetected): hluatex.

(C:/Users/asmab/AppData/Local/Programs/MiKTeX/tex/latex/hyperref/hluatex.def
File: hluatex.def 2025-07-12 v7.01o Hyperref driver for luaTeX
\Fld@listcount=\count340
\c@bookmark@seq@number=\count341

(C:/Users/asmab/AppData/Local/Programs/MiKTeX/tex/latex/rerunfilecheck/rerunfil
echeck.sty
Package: rerunfilecheck 2025-06-21 v1.11 Rerun checks for auxiliary files (HO)

(C:/Users/asmab/AppData/Local/Programs/MiKTeX/tex/generic/uniquecounter/uniquec
ounter.sty
Package: uniquecounter 2019/12/15 v1.4 Provide unlimited unique counter (HO)
)
Package uniquecounter Info: New unique counter `rerunfilecheck' on input line 2
84.
)
\Hy@SectionHShift=\skip59
)
(C:/Users/asmab/AppData/Local/Programs/MiKTeX/tex/latex/geometry/geometry.sty
Package: geometry 2026/03/07 v6.0 Page Geometry

(C:/Users/asmab/AppData/Local/Programs/MiKTeX/tex/generic/iftex/ifvtex.sty
Package: ifvtex 2019/10/25 v1.7 ifvtex legacy package. Use iftex instead.
)
\Gm@cnth=\count342
\Gm@cntv=\count343
\c@Gm@tempcnt=\count344
\Gm@bindingoffset=\dimen192
\Gm@wd@mp=\dimen193
\Gm@odd@mp=\dimen194
\Gm@even@mp=\dimen195
\Gm@layoutwidth=\dimen196
\Gm@layoutheight=\dimen197
\Gm@layouthoffset=\dimen198
\Gm@layoutvoffset=\dimen199
\Gm@dimlist=\toks35

(C:/Users/asmab/AppData/Local/Programs/MiKTeX/tex/latex/geometry/geometry.cfg)) (C:/Users/asmab/AppData/Local/Programs/MiKTeX/tex/latex/pgfplots/pgfplots.sty
(C:/Users/asmab/AppData/Local/Programs/MiKTeX/tex/generic/pgfplots/pgfplots.rev
ision.tex)
Package: pgfplots 2021/05/15 v1.18.1 Data Visualization (1.18.1)

(C:/Users/asmab/AppData/Local/Programs/MiKTeX/tex/latex/pgf/frontendlayer/tikz.
sty
(C:/Users/asmab/AppData/Local/Programs/MiKTeX/tex/latex/pgf/basiclayer/pgf.sty
(C:/Users/asmab/AppData/Local/Programs/MiKTeX/tex/latex/pgf/utilities/pgfrcs.st
y
(C:/Users/asmab/AppData/Local/Programs/MiKTeX/tex/generic/pgf/utilities/pgfutil
-common.tex
\pgfutil@everybye=\toks36
\pgfutil@tempdima=\dimen256
\pgfutil@tempdimb=\dimen257
)
(C:/Users/asmab/AppData/Local/Programs/MiKTeX/tex/generic/pgf/utilities/pgfutil
-latex.def
\pgfutil@abb=\box59
)
(C:/Users/asmab/AppData/Local/Programs/MiKTeX/tex/generic/pgf/utilities/pgfrcs.
code.tex
(C:/Users/asmab/AppData/Local/Programs/MiKTeX/tex/generic/pgf/pgf.revision.tex)
Package: pgfrcs 2025-08-29 v3.1.11a (3.1.11a)
))
Package: pgf 2025-08-29 v3.1.11a (3.1.11a)

(C:/Users/asmab/AppData/Local/Programs/MiKTeX/tex/latex/pgf/basiclayer/pgfcore.
sty
(C:/Users/asmab/AppData/Local/Programs/MiKTeX/tex/latex/pgf/systemlayer/pgfsys.
sty
(C:/Users/asmab/AppData/Local/Programs/MiKTeX/tex/generic/pgf/systemlayer/pgfsy
s.code.tex
Package: pgfsys 2025-08-29 v3.1.11a (3.1.11a)

(C:/Users/asmab/AppData/Local/Programs/MiKTeX/tex/generic/pgf/utilities/pgfkeys
.code.tex
\pgfkeys@pathtoks=\toks37
\pgfkeys@temptoks=\toks38

(C:/Users/asmab/AppData/Local/Programs/MiKTeX/tex/generic/pgf/utilities/pgfkeys
libraryfiltered.code.tex
\pgfkeys@tmptoks=\toks39
))
\pgf@x=\dimen258
\pgf@y=\dimen259
\pgf@xa=\dimen260
\pgf@ya=\dimen261
\pgf@xb=\dimen262
\pgf@yb=\dimen263
\pgf@xc=\dimen264
\pgf@yc=\dimen265
\pgf@xd=\dimen266
\pgf@yd=\dimen267
\w@pgf@writea=\write3
\r@pgf@reada=\read3
\c@pgf@counta=\count345
\c@pgf@countb=\count346
\c@pgf@countc=\count347
\c@pgf@countd=\count348
\t@pgf@toka=\toks40
\t@pgf@tokb=\toks41
\t@pgf@tokc=\toks42
\pgf@sys@id@count=\count349

(C:/Users/asmab/AppData/Local/Programs/MiKTeX/tex/generic/pgf/systemlayer/pgf.c
fg
File: pgf.cfg 2025-08-29 v3.1.11a (3.1.11a)
)
Driver file for pgf: pgfsys-luatex.def

(C:/Users/asmab/AppData/Local/Programs/MiKTeX/tex/generic/pgf/systemlayer/pgfsy
s-luatex.def
File: pgfsys-luatex.def 2025-08-29 v3.1.11a (3.1.11a)

(C:/Users/asmab/AppData/Local/Programs/MiKTeX/tex/generic/pgf/systemlayer/pgfsy
s-common-pdf.def
File: pgfsys-common-pdf.def 2025-08-29 v3.1.11a (3.1.11a)
)))
(C:/Users/asmab/AppData/Local/Programs/MiKTeX/tex/generic/pgf/systemlayer/pgfsy
ssoftpath.code.tex
File: pgfsyssoftpath.code.tex 2025-08-29 v3.1.11a (3.1.11a)
\pgfsyssoftpath@smallbuffer@items=\count350
\pgfsyssoftpath@bigbuffer@items=\count351
)
(C:/Users/asmab/AppData/Local/Programs/MiKTeX/tex/generic/pgf/systemlayer/pgfsy
sprotocol.code.tex
File: pgfsysprotocol.code.tex 2025-08-29 v3.1.11a (3.1.11a)
))
(C:/Users/asmab/AppData/Local/Programs/MiKTeX/tex/generic/pgf/basiclayer/pgfcor
e.code.tex
Package: pgfcore 2025-08-29 v3.1.11a (3.1.11a)

(C:/Users/asmab/AppData/Local/Programs/MiKTeX/tex/generic/pgf/math/pgfmath.code
.tex
(C:/Users/asmab/AppData/Local/Programs/MiKTeX/tex/generic/pgf/math/pgfmathutil.
code.tex)
(C:/Users/asmab/AppData/Local/Programs/MiKTeX/tex/generic/pgf/math/pgfmathparse
r.code.tex
\pgfmath@dimen=\dimen268
\pgfmath@count=\count352
\pgfmath@box=\box60
\pgfmath@toks=\toks43
\pgfmath@stack@operand=\toks44
\pgfmath@stack@operation=\toks45
)
(C:/Users/asmab/AppData/Local/Programs/MiKTeX/tex/generic/pgf/math/pgfmathfunct
ions.code.tex)
(C:/Users/asmab/AppData/Local/Programs/MiKTeX/tex/generic/pgf/math/pgfmathfunct
ions.basic.code.tex)
(C:/Users/asmab/AppData/Local/Programs/MiKTeX/tex/generic/pgf/math/pgfmathfunct
ions.trigonometric.code.tex)
(C:/Users/asmab/AppData/Local/Programs/MiKTeX/tex/generic/pgf/math/pgfmathfunct
ions.random.code.tex)
(C:/Users/asmab/AppData/Local/Programs/MiKTeX/tex/generic/pgf/math/pgfmathfunct
ions.comparison.code.tex)
(C:/Users/asmab/AppData/Local/Programs/MiKTeX/tex/generic/pgf/math/pgfmathfunct
ions.base.code.tex)
(C:/Users/asmab/AppData/Local/Programs/MiKTeX/tex/generic/pgf/math/pgfmathfunct
ions.round.code.tex)
(C:/Users/asmab/AppData/Local/Programs/MiKTeX/tex/generic/pgf/math/pgfmathfunct
ions.misc.code.tex)
(C:/Users/asmab/AppData/Local/Programs/MiKTeX/tex/generic/pgf/math/pgfmathfunct
ions.integerarithmetics.code.tex)
(C:/Users/asmab/AppData/Local/Programs/MiKTeX/tex/generic/pgf/math/pgfmathcalc.
code.tex)
(C:/Users/asmab/AppData/Local/Programs/MiKTeX/tex/generic/pgf/math/pgfmathfloat
.code.tex
\c@pgfmathroundto@lastzeros=\count353
))
(C:/Users/asmab/AppData/Local/Programs/MiKTeX/tex/generic/pgf/math/pgfint.code.
tex)
(C:/Users/asmab/AppData/Local/Programs/MiKTeX/tex/generic/pgf/basiclayer/pgfcor
epoints.code.tex
File: pgfcorepoints.code.tex 2025-08-29 v3.1.11a (3.1.11a)
\pgf@picminx=\dimen269
\pgf@picmaxx=\dimen270
\pgf@picminy=\dimen271
\pgf@picmaxy=\dimen272
\pgf@pathminx=\dimen273
\pgf@pathmaxx=\dimen274
\pgf@pathminy=\dimen275
\pgf@pathmaxy=\dimen276
\pgf@xx=\dimen277
\pgf@xy=\dimen278
\pgf@yx=\dimen279
\pgf@yy=\dimen280
\pgf@zx=\dimen281
\pgf@zy=\dimen282
)
(C:/Users/asmab/AppData/Local/Programs/MiKTeX/tex/generic/pgf/basiclayer/pgfcor
epathconstruct.code.tex
File: pgfcorepathconstruct.code.tex 2025-08-29 v3.1.11a (3.1.11a)
\pgf@path@lastx=\dimen283
\pgf@path@lasty=\dimen284
)
(C:/Users/asmab/AppData/Local/Programs/MiKTeX/tex/generic/pgf/basiclayer/pgfcor
epathusage.code.tex
File: pgfcorepathusage.code.tex 2025-08-29 v3.1.11a (3.1.11a)
\pgf@shorten@end@additional=\dimen285
\pgf@shorten@start@additional=\dimen286
)
(C:/Users/asmab/AppData/Local/Programs/MiKTeX/tex/generic/pgf/basiclayer/pgfcor
escopes.code.tex
File: pgfcorescopes.code.tex 2025-08-29 v3.1.11a (3.1.11a)
\pgfpic=\box61
\pgf@hbox=\box62
\pgf@layerbox@main=\box63
\pgf@picture@serial@count=\count354
)
(C:/Users/asmab/AppData/Local/Programs/MiKTeX/tex/generic/pgf/basiclayer/pgfcor
egraphicstate.code.tex
File: pgfcoregraphicstate.code.tex 2025-08-29 v3.1.11a (3.1.11a)
\pgflinewidth=\dimen287
)
(C:/Users/asmab/AppData/Local/Programs/MiKTeX/tex/generic/pgf/basiclayer/pgfcor
etransformations.code.tex
File: pgfcoretransformations.code.tex 2025-08-29 v3.1.11a (3.1.11a)
\pgf@pt@x=\dimen288
\pgf@pt@y=\dimen289
\pgf@pt@temp=\dimen290
)
(C:/Users/asmab/AppData/Local/Programs/MiKTeX/tex/generic/pgf/basiclayer/pgfcor
equick.code.tex
File: pgfcorequick.code.tex 2025-08-29 v3.1.11a (3.1.11a)
)
(C:/Users/asmab/AppData/Local/Programs/MiKTeX/tex/generic/pgf/basiclayer/pgfcor
eobjects.code.tex
File: pgfcoreobjects.code.tex 2025-08-29 v3.1.11a (3.1.11a)
)
(C:/Users/asmab/AppData/Local/Programs/MiKTeX/tex/generic/pgf/basiclayer/pgfcor
epathprocessing.code.tex
File: pgfcorepathprocessing.code.tex 2025-08-29 v3.1.11a (3.1.11a)
)
(C:/Users/asmab/AppData/Local/Programs/MiKTeX/tex/generic/pgf/basiclayer/pgfcor
earrows.code.tex
File: pgfcorearrows.code.tex 2025-08-29 v3.1.11a (3.1.11a)
\pgfarrowsep=\dimen291
)
(C:/Users/asmab/AppData/Local/Programs/MiKTeX/tex/generic/pgf/basiclayer/pgfcor
eshade.code.tex
File: pgfcoreshade.code.tex 2025-08-29 v3.1.11a (3.1.11a)
\pgf@max=\dimen292
\pgf@sys@shading@range@num=\count355
\pgf@shadingcount=\count356
)
(C:/Users/asmab/AppData/Local/Programs/MiKTeX/tex/generic/pgf/basiclayer/pgfcor
eimage.code.tex
File: pgfcoreimage.code.tex 2025-08-29 v3.1.11a (3.1.11a)
)
(C:/Users/asmab/AppData/Local/Programs/MiKTeX/tex/generic/pgf/basiclayer/pgfcor
eexternal.code.tex
File: pgfcoreexternal.code.tex 2025-08-29 v3.1.11a (3.1.11a)
\pgfexternal@startupbox=\box64
)
(C:/Users/asmab/AppData/Local/Programs/MiKTeX/tex/generic/pgf/basiclayer/pgfcor
elayers.code.tex
File: pgfcorelayers.code.tex 2025-08-29 v3.1.11a (3.1.11a)
)
(C:/Users/asmab/AppData/Local/Programs/MiKTeX/tex/generic/pgf/basiclayer/pgfcor
etransparency.code.tex
File: pgfcoretransparency.code.tex 2025-08-29 v3.1.11a (3.1.11a)
)
(C:/Users/asmab/AppData/Local/Programs/MiKTeX/tex/generic/pgf/basiclayer/pgfcor
epatterns.code.tex
File: pgfcorepatterns.code.tex 2025-08-29 v3.1.11a (3.1.11a)
)
(C:/Users/asmab/AppData/Local/Programs/MiKTeX/tex/generic/pgf/basiclayer/pgfcor
erdf.code.tex
File: pgfcorerdf.code.tex 2025-08-29 v3.1.11a (3.1.11a)
)))
(C:/Users/asmab/AppData/Local/Programs/MiKTeX/tex/generic/pgf/modules/pgfmodule
shapes.code.tex
File: pgfmoduleshapes.code.tex 2025-08-29 v3.1.11a (3.1.11a)
\pgfnodeparttextbox=\box65
)
(C:/Users/asmab/AppData/Local/Programs/MiKTeX/tex/generic/pgf/modules/pgfmodule
plot.code.tex
File: pgfmoduleplot.code.tex 2025-08-29 v3.1.11a (3.1.11a)
)
(C:/Users/asmab/AppData/Local/Programs/MiKTeX/tex/latex/pgf/compatibility/pgfco
mp-version-0-65.sty
Package: pgfcomp-version-0-65 2025-08-29 v3.1.11a (3.1.11a)
\pgf@nodesepstart=\dimen293
\pgf@nodesepend=\dimen294
)
(C:/Users/asmab/AppData/Local/Programs/MiKTeX/tex/latex/pgf/compatibility/pgfco
mp-version-1-18.sty
Package: pgfcomp-version-1-18 2025-08-29 v3.1.11a (3.1.11a)
))
(C:/Users/asmab/AppData/Local/Programs/MiKTeX/tex/latex/pgf/utilities/pgffor.st
y
(C:/Users/asmab/AppData/Local/Programs/MiKTeX/tex/latex/pgf/utilities/pgfkeys.s
ty
(C:/Users/asmab/AppData/Local/Programs/MiKTeX/tex/generic/pgf/utilities/pgfkeys
.code.tex))
(C:/Users/asmab/AppData/Local/Programs/MiKTeX/tex/latex/pgf/math/pgfmath.sty
(C:/Users/asmab/AppData/Local/Programs/MiKTeX/tex/generic/pgf/math/pgfmath.code
.tex))
(C:/Users/asmab/AppData/Local/Programs/MiKTeX/tex/generic/pgf/utilities/pgffor.
code.tex
Package: pgffor 2025-08-29 v3.1.11a (3.1.11a)
\pgffor@iter=\dimen295
\pgffor@skip=\dimen296
\pgffor@stack=\toks46
\pgffor@toks=\toks47
))
(C:/Users/asmab/AppData/Local/Programs/MiKTeX/tex/generic/pgf/frontendlayer/tik
z/tikz.code.tex
Package: tikz 2025-08-29 v3.1.11a (3.1.11a)

(C:/Users/asmab/AppData/Local/Programs/MiKTeX/tex/generic/pgf/libraries/pgflibr
aryplothandlers.code.tex
File: pgflibraryplothandlers.code.tex 2025-08-29 v3.1.11a (3.1.11a)
\pgf@plot@mark@count=\count357
\pgfplotmarksize=\dimen297
)
\tikz@lastx=\dimen298
\tikz@lasty=\dimen299
\tikz@lastxsaved=\dimen300
\tikz@lastysaved=\dimen301
\tikz@lastmovetox=\dimen302
\tikz@lastmovetoy=\dimen303
\tikzleveldistance=\dimen304
\tikzsiblingdistance=\dimen305
\tikz@figbox=\box66
\tikz@figbox@bg=\box67
\tikz@tempbox=\box68
\tikz@tempbox@bg=\box69
\tikztreelevel=\count358
\tikznumberofchildren=\count359
\tikznumberofcurrentchild=\count360
\tikz@fig@count=\count361

(C:/Users/asmab/AppData/Local/Programs/MiKTeX/tex/generic/pgf/modules/pgfmodule
matrix.code.tex
File: pgfmodulematrix.code.tex 2025-08-29 v3.1.11a (3.1.11a)
\pgfmatrixcurrentrow=\count362
\pgfmatrixcurrentcolumn=\count363
\pgf@matrix@numberofcolumns=\count364
)
\tikz@expandcount=\count365

(C:/Users/asmab/AppData/Local/Programs/MiKTeX/tex/generic/pgf/frontendlayer/tik
z/libraries/tikzlibrarytopaths.code.tex
File: tikzlibrarytopaths.code.tex 2025-08-29 v3.1.11a (3.1.11a)
)))
(C:/Users/asmab/AppData/Local/Programs/MiKTeX/tex/generic/pgfplots/pgfplots.cod
e.tex
(C:/Users/asmab/AppData/Local/Programs/MiKTeX/tex/generic/pgfplots/pgfplotscore
.code.tex
Package pgfplots info on input line 124: Initializing with LUA version Lua 5.3
\pgfplots@luabackend@table=\catcodetable16
\t@pgfplots@toka=\toks48
\t@pgfplots@tokb=\toks49
\t@pgfplots@tokc=\toks50
\pgfplots@tmpa=\dimen306
\c@pgfplots@coordindex=\count366
\c@pgfplots@scanlineindex=\count367

(C:/Users/asmab/AppData/Local/Programs/MiKTeX/tex/generic/pgfplots/sys/pgfplots
sysgeneric.code.tex))
(C:/Users/asmab/AppData/Local/Programs/MiKTeX/tex/generic/pgfplots/libs/pgfplot
slibrary.code.tex)
(C:/Users/asmab/AppData/Local/Programs/MiKTeX/tex/generic/pgfplots/oldpgfcompat
ib/pgfplotsoldpgfsupp_loader.code.tex
(C:/Users/asmab/AppData/Local/Programs/MiKTeX/tex/generic/pgf/libraries/pgflibr
aryfpu.code.tex)
Package pgfplots: loading complementary utilities for your pgf version...
\t@pgf@toka=\toks51
\t@pgf@tokb=\toks52
\t@pgf@tokc=\toks53

(C:/Users/asmab/AppData/Local/Programs/MiKTeX/tex/generic/pgfplots/oldpgfcompat
ib/pgfplotsoldpgfsupp_pgfutil-common-lists.tex)
(C:/Users/asmab/AppData/Local/Programs/MiKTeX/tex/generic/pgf/libraries/luamath
/pgflibraryluamath.code.tex)
Package pgfplots info on input line 290: luamath library shipped with pgf 3.1.1
1a is up-to-date
)
(C:/Users/asmab/AppData/Local/Programs/MiKTeX/tex/generic/pgfplots/util/pgfplot
sutil.code.tex
Package pgfplots info on input line 82: Found new luatex: initializing lua comm
ands instead of write18 (shell-escape)

(C:/Users/asmab/AppData/Local/Programs/MiKTeX/tex/generic/pgfplots/liststructur
e/pgfplotsliststructure.code.tex)
(C:/Users/asmab/AppData/Local/Programs/MiKTeX/tex/generic/pgfplots/liststructur
e/pgfplotsliststructureext.code.tex)
(C:/Users/asmab/AppData/Local/Programs/MiKTeX/tex/generic/pgfplots/liststructur
e/pgfplotsarray.code.tex
\c@pgfplotsarray@tmp=\count368
)
(C:/Users/asmab/AppData/Local/Programs/MiKTeX/tex/generic/pgfplots/liststructur
e/pgfplotsmatrix.code.tex)
(C:/Users/asmab/AppData/Local/Programs/MiKTeX/tex/generic/pgfplots/numtable/pgf
plotstableshared.code.tex
\c@pgfplotstable@counta=\count369
\t@pgfplotstable@a=\toks54
)
(C:/Users/asmab/AppData/Local/Programs/MiKTeX/tex/generic/pgfplots/liststructur
e/pgfplotsdeque.code.tex)
(C:/Users/asmab/AppData/Local/Programs/MiKTeX/tex/generic/pgfplots/util/pgfplot
sbinary.code.tex
(C:/Users/asmab/AppData/Local/Programs/MiKTeX/tex/generic/pgfplots/util/pgfplot
sbinary.data.code.tex))
(C:/Users/asmab/AppData/Local/Programs/MiKTeX/tex/generic/pgfplots/util/pgfplot
sutil.verb.code.tex)
(C:/Users/asmab/AppData/Local/Programs/MiKTeX/tex/generic/pgfplots/libs/pgflibr
arypgfplots.surfshading.code.tex
\c@pgfplotslibrarysurf@no=\count370

(C:/Users/asmab/AppData/Local/Programs/MiKTeX/tex/generic/pgfplots/sys/pgflibra
rypgfplots.surfshading.pgfsys-luatex.def)))
(C:/Users/asmab/AppData/Local/Programs/MiKTeX/tex/generic/pgfplots/util/pgfplot
scolormap.code.tex
(C:/Users/asmab/AppData/Local/Programs/MiKTeX/tex/generic/pgfplots/util/pgfplot
scolor.code.tex))
(C:/Users/asmab/AppData/Local/Programs/MiKTeX/tex/generic/pgfplots/pgfplotsstac
kedplots.code.tex)
(C:/Users/asmab/AppData/Local/Programs/MiKTeX/tex/generic/pgfplots/pgfplotsplot
handlers.code.tex
(C:/Users/asmab/AppData/Local/Programs/MiKTeX/tex/generic/pgfplots/pgfplotsmesh
plothandler.code.tex
(C:/Users/asmab/AppData/Local/Programs/MiKTeX/tex/generic/pgfplots/pgfplotsmesh
plotimage.code.tex)))
(C:/Users/asmab/AppData/Local/Programs/MiKTeX/tex/generic/pgfplots/pgfplots.sca
ling.code.tex)
(C:/Users/asmab/AppData/Local/Programs/MiKTeX/tex/generic/pgfplots/pgfplotscoor
dprocessing.code.tex)
(C:/Users/asmab/AppData/Local/Programs/MiKTeX/tex/generic/pgfplots/pgfplots.err
orbars.code.tex)
(C:/Users/asmab/AppData/Local/Programs/MiKTeX/tex/generic/pgfplots/pgfplots.mar
kers.code.tex)
(C:/Users/asmab/AppData/Local/Programs/MiKTeX/tex/generic/pgfplots/pgfplotstick
s.code.tex)
(C:/Users/asmab/AppData/Local/Programs/MiKTeX/tex/generic/pgfplots/pgfplots.pat
hs.code.tex)
(C:/Users/asmab/AppData/Local/Programs/MiKTeX/tex/generic/pgf/frontendlayer/tik
z/libraries/tikzlibrarydecorations.code.tex
(C:/Users/asmab/AppData/Local/Programs/MiKTeX/tex/generic/pgf/modules/pgfmodule
decorations.code.tex
\pgfdecoratedcompleteddistance=\dimen307
\pgfdecoratedremainingdistance=\dimen308
\pgfdecoratedinputsegmentcompleteddistance=\dimen309
\pgfdecoratedinputsegmentremainingdistance=\dimen310
\pgf@decorate@distancetomove=\dimen311
\pgf@decorate@repeatstate=\count371
\pgfdecorationsegmentamplitude=\dimen312
\pgfdecorationsegmentlength=\dimen313
)
\tikz@lib@dec@box=\box70
)
(C:/Users/asmab/AppData/Local/Programs/MiKTeX/tex/generic/pgf/frontendlayer/tik
z/libraries/tikzlibrarydecorations.pathmorphing.code.tex
(C:/Users/asmab/AppData/Local/Programs/MiKTeX/tex/generic/pgf/libraries/decorat
ions/pgflibrarydecorations.pathmorphing.code.tex))
(C:/Users/asmab/AppData/Local/Programs/MiKTeX/tex/generic/pgf/frontendlayer/tik
z/libraries/tikzlibrarydecorations.pathreplacing.code.tex
(C:/Users/asmab/AppData/Local/Programs/MiKTeX/tex/generic/pgf/libraries/decorat
ions/pgflibrarydecorations.pathreplacing.code.tex))
(C:/Users/asmab/AppData/Local/Programs/MiKTeX/tex/generic/pgfplots/libs/tikzlib
rarypgfplots.contourlua.code.tex)
\pgfplots@numplots=\count372
\pgfplots@xmin@reg=\dimen314
\pgfplots@xmax@reg=\dimen315
\pgfplots@ymin@reg=\dimen316
\pgfplots@ymax@reg=\dimen317
\pgfplots@zmin@reg=\dimen318
\pgfplots@zmax@reg=\dimen319
)
(C:/Users/asmab/AppData/Local/Programs/MiKTeX/tex/generic/pgf/frontendlayer/tik
z/libraries/tikzlibraryplotmarks.code.tex
File: tikzlibraryplotmarks.code.tex 2025-08-29 v3.1.11a (3.1.11a)

(C:/Users/asmab/AppData/Local/Programs/MiKTeX/tex/generic/pgf/libraries/pgflibr
aryplotmarks.code.tex
File: pgflibraryplotmarks.code.tex 2025-08-29 v3.1.11a (3.1.11a)
)))
(C:/Users/asmab/AppData/Local/Programs/MiKTeX/tex/latex/caption/caption.sty
Package: caption 2023/08/05 v3.6o Customizing captions (AR)

(C:/Users/asmab/AppData/Local/Programs/MiKTeX/tex/latex/caption/caption3.sty
Package: caption3 2023/07/31 v2.4d caption3 kernel (AR)
\caption@tempdima=\dimen320
\captionmargin=\dimen321
\caption@leftmargin=\dimen322
\caption@rightmargin=\dimen323
\caption@width=\dimen324
\caption@indent=\dimen325
\caption@parindent=\dimen326
\caption@hangindent=\dimen327
Package caption Info: Standard document class detected.
)
\c@caption@flags=\count373
\c@continuedfloat=\count374
Package caption Info: float package is loaded.
Package caption Info: hyperref package is loaded.
Package caption Info: listings package is loaded.
)
(C:/Users/asmab/AppData/Local/Programs/MiKTeX/tex/latex/enumitem/enumitem.sty
Package: enumitem 2025/02/06 v3.11 Customized lists
\labelindent=\skip60
\enit@outerparindent=\dimen328
\enit@toks=\toks55
\enit@inbox=\box71
\enit@count@id=\count375
\enitdp@description=\count376
)
(C:/Users/asmab/AppData/Local/Programs/MiKTeX/tex/latex/todonotes/todonotes.sty
Package: todonotes 2024/01/05 v1.1.7 Todonotes source and documentation.
Package: todonotes 2024/01/05
(C:/Users/asmab/AppData/Local/Programs/MiKTeX/tex/latex/xkeyval/xkeyval.sty
Package: xkeyval 2022/06/16 v2.9 package option processing (HA)

(C:/Users/asmab/AppData/Local/Programs/MiKTeX/tex/generic/xkeyval/xkeyval.tex
(C:/Users/asmab/AppData/Local/Programs/MiKTeX/tex/generic/xkeyval/xkvutils.tex
\XKV@toks=\toks56
\XKV@tempa@toks=\toks57
)
\XKV@depth=\count377
File: xkeyval.tex 2014/12/03 v2.7a key=value parser (HA)
))
(C:/Users/asmab/AppData/Local/Programs/MiKTeX/tex/generic/pgf/frontendlayer/tik
z/libraries/tikzlibrarypositioning.code.tex
File: tikzlibrarypositioning.code.tex 2025-08-29 v3.1.11a (3.1.11a)
)
(C:/Users/asmab/AppData/Local/Programs/MiKTeX/tex/latex/tools/calc.sty
Package: calc 2025/03/01 v4.3b Infix arithmetic (KKT,FJ)
\calc@Acount=\count378
\calc@Bcount=\count379
\calc@Adimen=\dimen329
\calc@Bdimen=\dimen330
\calc@Askip=\skip61
\calc@Bskip=\skip62
LaTeX Info: Redefining \setlength on input line 86.
LaTeX Info: Redefining \addtolength on input line 87.
\calc@Ccount=\count380
\calc@Cskip=\skip63
)
\c@@todonotes@numberoftodonotes=\count381
)
Package hyperref Info: Option `colorlinks' set `true' on input line 45.
Package french.ldf Info: Setting StandardItemizeEnv=true for
(french.ldf)             compatibility with enumitem package,
(french.ldf)             reported on input line 95.
Package french.ldf Info: Setting StandardEnumerateEnv=true for
(french.ldf)             compatibility with enumitem package,
(french.ldf)             reported on input line 95.

(./report.aux

Package french.ldf Warning: You are relying on the legacy list code.
(french.ldf)                There is nothing wrong with this, just be aware
(french.ldf)                that new lists templates are available and will
(french.ldf)                become the default sooner or later.
(french.ldf)                Adding \DocumentMetadata{ ... } before the
(french.ldf)                \documentclass{} command, enables the new
(french.ldf)                lists templates. Give them a try!
(french.ldf)                Reported on input line 9.

)
\openout1 = report.aux

LaTeX Font Info:    Checking defaults for OML/cmm/m/it on input line 95.
LaTeX Font Info:    ... okay on input line 95.
LaTeX Font Info:    Checking defaults for OMS/cmsy/m/n on input line 95.
LaTeX Font Info:    ... okay on input line 95.
LaTeX Font Info:    Checking defaults for OT1/cmr/m/n on input line 95.
LaTeX Font Info:    ... okay on input line 95.
LaTeX Font Info:    Checking defaults for T1/cmr/m/n on input line 95.
LaTeX Font Info:    ... okay on input line 95.
LaTeX Font Info:    Checking defaults for TS1/cmr/m/n on input line 95.
LaTeX Font Info:    ... okay on input line 95.
LaTeX Font Info:    Checking defaults for TU/lmr/m/n on input line 95.
LaTeX Font Info:    ... okay on input line 95.
LaTeX Font Info:    Checking defaults for OMX/cmex/m/n on input line 95.
LaTeX Font Info:    ... okay on input line 95.
LaTeX Font Info:    Checking defaults for U/cmr/m/n on input line 95.
LaTeX Font Info:    ... okay on input line 95.
LaTeX Font Info:    Checking defaults for PD1/pdf/m/n on input line 95.
LaTeX Font Info:    ... okay on input line 95.
LaTeX Font Info:    Checking defaults for PU/pdf/m/n on input line 95.
LaTeX Font Info:    ... okay on input line 95.

Package fontspec Info: 
(fontspec)             Adjusting the maths setup (use [no-math] to avoid
(fontspec)             this).

\symlegacymaths=\mathgroup6
LaTeX Font Info:    Overwriting symbol font `legacymaths' in version `bold'
(Font)                  OT1/cmr/m/n --> OT1/cmr/bx/n on input line 95.
LaTeX Font Info:    Redeclaring math accent \acute on input line 95.
LaTeX Font Info:    Redeclaring math accent \grave on input line 95.
LaTeX Font Info:    Redeclaring math accent \ddot on input line 95.
LaTeX Font Info:    Redeclaring math accent \tilde on input line 95.
LaTeX Font Info:    Redeclaring math accent \bar on input line 95.
LaTeX Font Info:    Redeclaring math accent \breve on input line 95.
LaTeX Font Info:    Redeclaring math accent \check on input line 95.
LaTeX Font Info:    Redeclaring math accent \hat on input line 95.
LaTeX Font Info:    Redeclaring math accent \dot on input line 95.
LaTeX Font Info:    Redeclaring math accent \mathring on input line 95.
LaTeX Font Info:    Redeclaring math symbol \Gamma on input line 95.
LaTeX Font Info:    Redeclaring math symbol \Delta on input line 95.
LaTeX Font Info:    Redeclaring math symbol \Theta on input line 95.
LaTeX Font Info:    Redeclaring math symbol \Lambda on input line 95.
LaTeX Font Info:    Redeclaring math symbol \Xi on input line 95.
LaTeX Font Info:    Redeclaring math symbol \Pi on input line 95.
LaTeX Font Info:    Redeclaring math symbol \Sigma on input line 95.
LaTeX Font Info:    Redeclaring math symbol \Upsilon on input line 95.
LaTeX Font Info:    Redeclaring math symbol \Phi on input line 95.
LaTeX Font Info:    Redeclaring math symbol \Psi on input line 95.
LaTeX Font Info:    Redeclaring math symbol \Omega on input line 95.
LaTeX Font Info:    Redeclaring math symbol \mathdollar on input line 95.
LaTeX Font Info:    Redeclaring symbol font `operators' on input line 95.
LaTeX Font Info:    Encoding `OT1' has changed to `TU' for symbol font
(Font)              `operators' in the math version `normal' on input line 95.
LaTeX Font Info:    Overwriting symbol font `operators' in version `normal'
(Font)                  OT1/cmr/m/n --> TU/LatinModernRoman(0)/m/n on input lin
e 95.
LaTeX Font Info:    Encoding `OT1' has changed to `TU' for symbol font
(Font)              `operators' in the math version `bold' on input line 95.
LaTeX Font Info:    Overwriting symbol font `operators' in version `bold'
(Font)                  OT1/cmr/bx/n --> TU/LatinModernRoman(0)/m/n on input li
ne 95.
LaTeX Font Info:    Overwriting symbol font `operators' in version `normal'
(Font)                  TU/LatinModernRoman(0)/m/n --> TU/LatinModernRoman(0)/m
/n on input line 95.
LaTeX Font Info:    Overwriting math alphabet `\mathit' in version `normal'
(Font)                  OT1/cmr/m/it --> TU/LatinModernRoman(0)/m/it on input l
ine 95.
LaTeX Font Info:    Overwriting math alphabet `\mathbf' in version `normal'
(Font)                  OT1/cmr/bx/n --> TU/LatinModernRoman(0)/b/n on input li
ne 95.
LaTeX Font Info:    Overwriting math alphabet `\mathsf' in version `normal'
(Font)                  OT1/cmss/m/n --> TU/lmss/m/n on input line 95.
LaTeX Font Info:    Overwriting math alphabet `\mathtt' in version `normal'
(Font)                  OT1/cmtt/m/n --> TU/LatinModernMono(0)/m/n on input lin
e 95.
LaTeX Font Info:    Overwriting symbol font `operators' in version `bold'
(Font)                  TU/LatinModernRoman(0)/m/n --> TU/LatinModernRoman(0)/b
/n on input line 95.
LaTeX Font Info:    Overwriting math alphabet `\mathit' in version `bold'
(Font)                  OT1/cmr/bx/it --> TU/LatinModernRoman(0)/b/it on input 
line 95.
LaTeX Font Info:    Overwriting math alphabet `\mathsf' in version `bold'
(Font)                  OT1/cmss/bx/n --> TU/lmss/b/n on input line 95.
LaTeX Font Info:    Overwriting math alphabet `\mathtt' in version `bold'
(Font)                  OT1/cmtt/m/n --> TU/LatinModernMono(0)/b/n on input lin
e 95.

(C:/Users/asmab/AppData/Local/Programs/MiKTeX/tex/context/base/mkii/supp-pdf.mk
ii
[Loading MPS to PDF converter (version 2006.09.02).]
\scratchcounter=\count382
\scratchdimen=\dimen331
\scratchbox=\box72
\nofMPsegments=\count383
\nofMParguments=\count384
\everyMPshowfont=\toks58
\MPscratchCnt=\count385
\MPscratchDim=\dimen332
\MPnumerator=\count386
\makeMPintoPDFobject=\count387
\everyMPtoPDFconversion=\toks59
)
(C:/Users/asmab/AppData/Local/Programs/MiKTeX/tex/latex/epstopdf-pkg/epstopdf-b
ase.sty
Package: epstopdf-base 2020-01-24 v2.11 Base part for package epstopdf
Package epstopdf-base Info: Redefining graphics rule for `.eps' on input line 4
85.

(C:/Users/asmab/AppData/Local/Programs/MiKTeX/tex/latex/00miktex/epstopdf-sys.c
fg
File: epstopdf-sys.cfg 2021/03/18 v2.0 Configuration of epstopdf for MiKTeX
))
\c@lstlisting=\count388
Package hyperref Info: Link coloring ON on input line 95.
 (./report.out) (./report.out)
\@outlinefile=\write4

\openout4 = report.out

*geometry* driver: auto-detecting
*geometry* detected driver: luatex
*geometry* verbose mode - [ preamble ] result:
* driver: luatex
* paper: a4paper
* layout: <same size as paper>
* layoutoffset:(h,v)=(0.0pt,0.0pt)
* modes: 
* h-part:(L,W,R)=(71.13188pt, 455.24411pt, 71.13188pt)
* v-part:(T,H,B)=(71.13188pt, 702.78308pt, 71.13188pt)
* \paperwidth=597.50787pt
* \paperheight=845.04684pt
* \textwidth=455.24411pt
* \textheight=702.78308pt
* \oddsidemargin=-1.1381pt
* \evensidemargin=-1.1381pt
* \topmargin=-38.1381pt
* \headheight=12.0pt
* \headsep=25.0pt
* \topskip=11.0pt
* \footskip=30.0pt
* \marginparwidth=50.0pt
* \marginparsep=10.0pt
* \columnsep=10.0pt
* \skip\footins=10.0pt plus 4.0pt minus 2.0pt
* \hoffset=0.0pt
* \voffset=0.0pt
* \mag=1000
* \@twocolumnfalse
* \@twosidefalse
* \@mparswitchfalse
* \@reversemarginfalse
* (1in=72.27pt=25.4mm, 1cm=28.453pt)

Package pgfplots notification 'compat/show suggested version=true': document ha
s been generated with the most recent feature set (\pgfplotsset{compat=1.18}).

Package caption Info: Begin \AtBeginDocument code.
Package caption Info: End \AtBeginDocument code.

Package todonotes Warning: The length marginparwidth is less than 2cm and will 
most likely cause issues with the appearance of inserted todonotes. The issue c
an be solved by adding a line like \setlength {\marginparwidth }{2cm} prior to 
loading the todonotes package. on input line 95.

LaTeX Font Info:    Trying to load font information for U+msa on input line 98.

(C:/Users/asmab/AppData/Local/Programs/MiKTeX/tex/latex/amsfonts/umsa.fd
File: umsa.fd 2013/01/14 v3.01 AMS symbols A
)
LaTeX Font Info:    Trying to load font information for U+msb on input line 98.


(C:/Users/asmab/AppData/Local/Programs/MiKTeX/tex/latex/amsfonts/umsb.fd
File: umsb.fd 2013/01/14 v3.01 AMS symbols B
)
(./report.toc
LaTeX Font Info:    Font shape `TU/LatinModernMono(0)/m/n' will be
(Font)              scaled to size 9.85492pt on input line 24.
 [1

{C:/Users/asmab/AppData/Local/MiKTeX/fonts/map/pdftex/pdftex.map}])
\tf@toc=\write5

\openout5 = report.toc
 [2] (./sections/01_solution.tex [3]) (./sections/02_algorithms.tex

Package hyperref Warning: Token not allowed in a PDF string (Unicode):
(hyperref)                removing `math shift' on input line 10.


Package hyperref Warning: Token not allowed in a PDF string (Unicode):
(hyperref)                removing `superscript' on input line 10.


Package hyperref Warning: Token not allowed in a PDF string (Unicode):
(hyperref)                removing `math shift' on input line 10.

Package hyperref Info: bookmark level for unknown algorithm defaults to 0 on in
put line 22.

LaTeX Warning: `h' float specifier changed to `ht'.

[4]
Underfull \hbox (badness 3746) in paragraph at lines 88--89
[][]\TU/LatinModernRoman(0)/m/n/10.95 Dans la feuille at-teinte, ti-rer un nou-v
eau re-pré-sen-tant $\OML/cmm/m/it/10.95 q$ \TU/LatinModernRoman(0)/m/n/10.95 
avec pro-ba-bi-lité $\OMS/cmsy/m/n/10.95 /
 []


LaTeX Warning: `h' float specifier changed to `ht'.

LaTeX Font Info:    Font shape `TU/LatinModernMono(0)/m/n' will be
(Font)              scaled to size 7.19995pt on input line 111.
LaTeX Font Info:    Font shape `TU/LatinModernMono(0)/m/n' will be
(Font)              scaled to size 5.39996pt on input line 111.

LaTeX Warning: `h' float specifier changed to `ht'.


LaTeX Warning: `h' float specifier changed to `ht'.

) (./sections/03_implementation.tex [5]
Package hyperref Info: bookmark level for unknown lstlisting defaults to 0 on i
nput line 33.
LaTeX Font Info:    Font shape `TU/LatinModernMono(0)/m/n' will be
(Font)              scaled to size 8.09995pt on input line 33.

(../StreamKMpp/src/main/scala/streamkm/core/Point.scala

LaTeX Font Warning: Font shape `TU/LatinModernMono(0)/b/n' undefined
(Font)              using `TU/LatinModernMono(0)/m/n' instead on input line 20.


LaTeX Font Info:    Font shape `TU/LatinModernMono(0)/b/n' will be
(Font)              scaled to size 8.09995pt on input line 20.
LaTeX Font Info:    Font shape `TU/LatinModernMono(0)/m/it' will be
(Font)              scaled to size 8.09995pt on input line 24.
)
LaTeX Font Info:    Font shape `TU/LatinModernMono(0)/m/n' will be
(Font)              scaled to size 10.79993pt on input line 35.


Package hyperref Warning: Token not allowed in a PDF string (Unicode):
(hyperref)                removing `math shift' on input line 35.


Package hyperref Warning: Token not allowed in a PDF string (Unicode):
(hyperref)                removing `superscript' on input line 35.


Package hyperref Warning: Token not allowed in a PDF string (Unicode):
(hyperref)                removing `math shift' on input line 35.

(../StreamKMpp/src/main/scala/streamkm/core/KMeans.scala [6]
Missing character: There is no ∝ (U+221D) in font "name:Latin Modern Mono:mode
=node;script=latn;language=dflt;"!
Missing character: There is no ∝ (U+221D) in font "name:Latin Modern Mono:mode
=node;script=latn;language=dflt;"!
[7
Missing character: There is no ∝ (U+221D) in font "name:Latin Modern Mono:mode
=node;script=latn;language=dflt;"!
]) (../StreamKMpp/src/main/scala/streamkm/core/KMeans.scala
Missing character: There is no ∝ (U+221D) in font "name:Latin Modern Mono:mode
=node;script=latn;language=dflt;"!
Missing character: There is no μ (U+03BC) in font "name:Latin Modern Mono:mode=
node;script=latn;language=dflt;"!
Missing character: There is no ∈ (U+2208) in font "name:Latin Modern Mono:mode
=node;script=latn;language=dflt;"!
Missing character: There is no ∈ (U+2208) in font "name:Latin Modern Mono:mode
=node;script=latn;language=dflt;"!
Missing character: There is no ∝ (U+221D) in font "name:Latin Modern Mono:mode
=node;script=latn;language=dflt;"!
Missing character: There is no μ (U+03BC) in font "name:Latin Modern Mono:mode=
node;script=latn;language=dflt;"!
Missing character: There is no ∈ (U+2208) in font "name:Latin Modern Mono:mode
=node;script=latn;language=dflt;"!
Missing character: There is no ∈ (U+2208) in font "name:Latin Modern Mono:mode
=node;script=latn;language=dflt;"!
) [8
Missing character: There is no ∝ (U+221D) in font "name:Latin Modern Mono:mode
=node;script=latn;language=dflt;"!
Missing character: There is no μ (U+03BC) in font "name:Latin Modern Mono:mode=
node;script=latn;language=dflt;"!
Missing character: There is no ∈ (U+2208) in font "name:Latin Modern Mono:mode
=node;script=latn;language=dflt;"!
Missing character: There is no ∈ (U+2208) in font "name:Latin Modern Mono:mode
=node;script=latn;language=dflt;"!
] (../StreamKMpp/src/main/scala/streamkm/coreset/CoresetTree.scala
Missing character: There is no ∈ (U+2208) in font "name:Latin Modern Mono:mode
=node;script=latn;language=dflt;"!
Missing character: There is no ∈ (U+2208) in font "name:Latin Modern Mono:mode
=node;script=latn;language=dflt;"!
Missing character: There is no ⚠ (U+26A0) in font "name:Latin Modern Mono:mode
=node;script=latn;language=dflt;"!
Missing character: There is no ℓ (U+2113) in font "name:Latin Modern Mono:mode
=node;script=latn;language=dflt;"!
Missing character: There is no ℓ (U+2113) in font "name:Latin Modern Mono:mode
=node;script=latn;language=dflt;"!
Missing character: There is no ∈ (U+2208) in font "name:Latin Modern Mono:mode
=node;script=latn;language=dflt;"!
Missing character: There is no ∈ (U+2208) in font "name:Latin Modern Mono:mode
=node;script=latn;language=dflt;"!
Missing character: There is no ⚠ (U+26A0) in font "name:Latin Modern Mono:mode
=node;script=latn;language=dflt;"!
Missing character: There is no ℓ (U+2113) in font "name:Latin Modern Mono:mode
=node;script=latn;language=dflt;"!
Missing character: There is no ℓ (U+2113) in font "name:Latin Modern Mono:mode
=node;script=latn;language=dflt;"!
) (../StreamKMpp/src/main/scala/streamkm/coreset/CoresetTree.scala
Missing character: There is no ∈ (U+2208) in font "name:Latin Modern Mono:mode
=node;script=latn;language=dflt;"!
Missing character: There is no ∈ (U+2208) in font "name:Latin Modern Mono:mode
=node;script=latn;language=dflt;"!
Missing character: There is no ∈ (U+2208) in font "name:Latin Modern Mono:mode
=node;script=latn;language=dflt;"!
Missing character: There is no ∈ (U+2208) in font "name:Latin Modern Mono:mode
=node;script=latn;language=dflt;"!
) [9
Missing character: There is no ∈ (U+2208) in font "name:Latin Modern Mono:mode
=node;script=latn;language=dflt;"!
Missing character: There is no ∈ (U+2208) in font "name:Latin Modern Mono:mode
=node;script=latn;language=dflt;"!
Missing character: There is no ⚠ (U+26A0) in font "name:Latin Modern Mono:mode
=node;script=latn;language=dflt;"!
Missing character: There is no ℓ (U+2113) in font "name:Latin Modern Mono:mode
=node;script=latn;language=dflt;"!
Missing character: There is no ℓ (U+2113) in font "name:Latin Modern Mono:mode
=node;script=latn;language=dflt;"!
Missing character: There is no ∈ (U+2208) in font "name:Latin Modern Mono:mode
=node;script=latn;language=dflt;"!
Missing character: There is no ∈ (U+2208) in font "name:Latin Modern Mono:mode
=node;script=latn;language=dflt;"!
] (../StreamKMpp/src/main/scala/streamkm/coreset/BucketManager.scala
Missing character: There is no ≥ (U+2265) in font "name:Latin Modern Mono:mode
=node;script=latn;language=dflt;"!
Missing character: There is no ≥ (U+2265) in font "name:Latin Modern Mono:mode
=node;script=latn;language=dflt;"!
Missing character: There is no ≈ (U+2248) in font "name:Latin Modern Mono:mode
=node;script=latn;language=dflt;"!
Missing character: There is no ∪ (U+222A) in font "name:Latin Modern Mono:mode
=node;script=latn;language=dflt;"!
Missing character: There is no ≥ (U+2265) in font "name:Latin Modern Mono:mode
=node;script=latn;language=dflt;"!
Missing character: There is no ≥ (U+2265) in font "name:Latin Modern Mono:mode
=node;script=latn;language=dflt;"!
Missing character: There is no ≈ (U+2248) in font "name:Latin Modern Mono:mode
=node;script=latn;language=dflt;"!
Missing character: There is no ∪ (U+222A) in font "name:Latin Modern Mono:mode
=node;script=latn;language=dflt;"!
)
LaTeX Font Info:    Font shape `TU/LatinModernMono(0)/b/n' will be
(Font)              scaled to size 10.79993pt on input line 127.
 (../StreamKMpp/src/main/scala/streamkm/coreset/BucketManager.scala
Missing character: There is no ≥ (U+2265) in font "name:Latin Modern Mono:mode
=node;script=latn;language=dflt;"!
Missing character: There is no ≥ (U+2265) in font "name:Latin Modern Mono:mode
=node;script=latn;language=dflt;"!
Missing character: There is no ≈ (U+2248) in font "name:Latin Modern Mono:mode
=node;script=latn;language=dflt;"!
Missing character: There is no ∪ (U+222A) in font "name:Latin Modern Mono:mode
=node;script=latn;language=dflt;"!
Missing character: There is no ₂ (U+2082) in font "name:Latin Modern Mono:mode
=node;script=latn;language=dflt;"!
Missing character: There is no ε (U+03B5) in font "name:Latin Modern Mono:mode=
node;script=latn;language=dflt;"!
Missing character: There is no ε (U+03B5) in font "name:Latin Modern Mono:mode=
node;script=latn;language=dflt;"!
Missing character: There is no ε (U+03B5) in font "name:Latin Modern Mono:mode=
node;script=latn;language=dflt;"!
Missing character: There is no δ (U+03B4) in font "name:Latin Modern Mono:mode=
node;script=latn;language=dflt;"!
Missing character: There is no ε (U+03B5) in font "name:Latin Modern Mono:mode=
node;script=latn;language=dflt;"!
Missing character: There is no δ (U+03B4) in font "name:Latin Modern Mono:mode=
node;script=latn;language=dflt;"!
Missing character: There is no ε (U+03B5) in font "name:Latin Modern Mono:mode=
node;script=latn;language=dflt;"!
Missing character: There is no δ (U+03B4) in font "name:Latin Modern Mono:mode=
node;script=latn;language=dflt;"!
Missing character: There is no ≥ (U+2265) in font "name:Latin Modern Mono:mode
=node;script=latn;language=dflt;"!
Missing character: There is no ≥ (U+2265) in font "name:Latin Modern Mono:mode
=node;script=latn;language=dflt;"!
Missing character: There is no ≈ (U+2248) in font "name:Latin Modern Mono:mode
=node;script=latn;language=dflt;"!
Missing character: There is no ∪ (U+222A) in font "name:Latin Modern Mono:mode
=node;script=latn;language=dflt;"!
Missing character: There is no ₂ (U+2082) in font "name:Latin Modern Mono:mode
=node;script=latn;language=dflt;"!
Missing character: There is no ε (U+03B5) in font "name:Latin Modern Mono:mode=
node;script=latn;language=dflt;"!
Missing character: There is no ε (U+03B5) in font "name:Latin Modern Mono:mode=
node;script=latn;language=dflt;"!
Missing character: There is no ε (U+03B5) in font "name:Latin Modern Mono:mode=
node;script=latn;language=dflt;"!
Missing character: There is no δ (U+03B4) in font "name:Latin Modern Mono:mode=
node;script=latn;language=dflt;"!
Missing character: There is no ε (U+03B5) in font "name:Latin Modern Mono:mode=
node;script=latn;language=dflt;"!
Missing character: There is no δ (U+03B4) in font "name:Latin Modern Mono:mode=
node;script=latn;language=dflt;"!
Missing character: There is no ε (U+03B5) in font "name:Latin Modern Mono:mode=
node;script=latn;language=dflt;"!
Missing character: There is no δ (U+03B4) in font "name:Latin Modern Mono:mode=
node;script=latn;language=dflt;"!
[10
Missing character: There is no ≥ (U+2265) in font "name:Latin Modern Mono:mode
=node;script=latn;language=dflt;"!
Missing character: There is no ≥ (U+2265) in font "name:Latin Modern Mono:mode
=node;script=latn;language=dflt;"!
Missing character: There is no ≈ (U+2248) in font "name:Latin Modern Mono:mode
=node;script=latn;language=dflt;"!
Missing character: There is no ∪ (U+222A) in font "name:Latin Modern Mono:mode
=node;script=latn;language=dflt;"!
Missing character: There is no ≥ (U+2265) in font "name:Latin Modern Mono:mode
=node;script=latn;language=dflt;"!
Missing character: There is no ≥ (U+2265) in font "name:Latin Modern Mono:mode
=node;script=latn;language=dflt;"!
Missing character: There is no ≈ (U+2248) in font "name:Latin Modern Mono:mode
=node;script=latn;language=dflt;"!
Missing character: There is no ∪ (U+222A) in font "name:Latin Modern Mono:mode
=node;script=latn;language=dflt;"!
Missing character: There is no ₂ (U+2082) in font "name:Latin Modern Mono:mode
=node;script=latn;language=dflt;"!
Missing character: There is no ε (U+03B5) in font "name:Latin Modern Mono:mode=
node;script=latn;language=dflt;"!
Missing character: There is no ε (U+03B5) in font "name:Latin Modern Mono:mode=
node;script=latn;language=dflt;"!
Missing character: There is no ε (U+03B5) in font "name:Latin Modern Mono:mode=
node;script=latn;language=dflt;"!
Missing character: There is no δ (U+03B4) in font "name:Latin Modern Mono:mode=
node;script=latn;language=dflt;"!
Missing character: There is no ε (U+03B5) in font "name:Latin Modern Mono:mode=
node;script=latn;language=dflt;"!
Missing character: There is no δ (U+03B4) in font "name:Latin Modern Mono:mode=
node;script=latn;language=dflt;"!
Missing character: There is no ε (U+03B5) in font "name:Latin Modern Mono:mode=
node;script=latn;language=dflt;"!
Missing character: There is no δ (U+03B4) in font "name:Latin Modern Mono:mode=
node;script=latn;language=dflt;"!
]) (../StreamKMpp/src/main/scala/streamkm/spark/StreamKMPlusPlus.scala)
Overfull \hbox (129.50058pt too wide) in paragraph at lines 153--168
[]\TU/LatinModernRoman(0)/b/n/10.95 Com-men-taire.[] \TU/LatinModernRoman(0)/m/
n/10.95 La spé-ci-fi-ca-tion ini-tiale du pro-jet en-vi-sa-geait d’uti-li-ser
 di-rec-te-ment \TU/LatinModernMono(0)/m/n/10.95 RDD.treeAggregate(zeroValue)(se
qOp,
 []

(../StreamKMpp/src/main/scala/streamkm/spark/CostEvaluator.scala) [11]
Overfull \hbox (83.09302pt too wide) in paragraph at lines 196--208
 [] 
 []

) (./sections/04_experiments.tex
Overfull \hbox (35.90335pt too wide) in paragraph at lines 24--26
[]\TU/LatinModernRoman(0)/b/n/10.95 Spark dis-tri-bué (notre im-plé-men-ta-tio
n) \TU/LatinModernRoman(0)/m/n/10.95 : \TU/LatinModernMono(0)/m/n/10.95 mergeCor
esets \TU/LatinModernRoman(0)/m/n/10.95 + \TU/LatinModernMono(0)/m/n/10.95 KMean
s.fit \TU/LatinModernRoman(0)/m/n/10.95 + \TU/LatinModernMono(0)/m/n/10.95 CostE
valuator.cost\TU/LatinModernRoman(0)/m/n/10.95 ,
 []

[12]

Package hyperref Warning: Token not allowed in a PDF string (Unicode):
(hyperref)                removing `math shift' on input line 39.


Package hyperref Warning: Token not allowed in a PDF string (Unicode):
(hyperref)                removing `math shift' on input line 39.


LaTeX Font Warning: Font shape `TU/LatinModernRoman(0)/m/sc' undefined
(Font)              using `TU/LatinModernRoman(0)/m/n' instead on input line 61
.

Package pgfplots info on input line 76: Using 'lua backend=false' for axis: x c
oord trafo unsupported.
[13]

Package hyperref Warning: Token not allowed in a PDF string (Unicode):
(hyperref)                removing `math shift' on input line 129.


Package hyperref Warning: Token not allowed in a PDF string (Unicode):
(hyperref)                removing `math shift' on input line 129.

Package hyperref Info: bookmark level for unknown todo defaults to 0 on input l
ine 145.

Underfull \hbox (badness 7081) in paragraph at lines 145--145
[][][]\TU/LatinModernRoman(0)/b/n/10.95 TODO : ré-sul-tat in-com-plet, à ne pa
s ci-ter tel quel dans 
 []


Underfull \hbox (badness 10000) in paragraph at lines 145--145
\TU/LatinModernRoman(0)/b/n/10.95 la ver-sion fi-nale. \TU/LatinModernRoman(0)/
m/sc/10.95 Le ta-bleau ci-dessous pro-vient du fi-chier 
 []


Overfull \hbox (8.22316pt too wide) in paragraph at lines 153--163
 [][] 
 []

[14]) (./sections/05_discussion.tex [15]) (./sections/06_conclusion.tex)
(./appendix/appendix_code.tex [16] (../StreamKMpp/build.sbt [17])
(../StreamKMpp/src/main/scala/streamkm/core/Point.scala [18] [19])
(../StreamKMpp/src/main/scala/streamkm/core/KMeans.scala [20]
Missing character: There is no ∝ (U+221D) in font "name:Latin Modern Mono:mode
=node;script=latn;language=dflt;"!
Missing character: There is no ∝ (U+221D) in font "name:Latin Modern Mono:mode
=node;script=latn;language=dflt;"!
Missing character: There is no μ (U+03BC) in font "name:Latin Modern Mono:mode=
node;script=latn;language=dflt;"!
Missing character: There is no ∈ (U+2208) in font "name:Latin Modern Mono:mode
=node;script=latn;language=dflt;"!
Missing character: There is no ∈ (U+2208) in font "name:Latin Modern Mono:mode
=node;script=latn;language=dflt;"!
Missing character: There is no μ (U+03BC) in font "name:Latin Modern Mono:mode=
node;script=latn;language=dflt;"!
Missing character: There is no ∈ (U+2208) in font "name:Latin Modern Mono:mode
=node;script=latn;language=dflt;"!
Missing character: There is no ∈ (U+2208) in font "name:Latin Modern Mono:mode
=node;script=latn;language=dflt;"!
[21
Missing character: There is no ∝ (U+221D) in font "name:Latin Modern Mono:mode
=node;script=latn;language=dflt;"!
Missing character: There is no μ (U+03BC) in font "name:Latin Modern Mono:mode=
node;script=latn;language=dflt;"!
Missing character: There is no ∈ (U+2208) in font "name:Latin Modern Mono:mode
=node;script=latn;language=dflt;"!
Missing character: There is no ∈ (U+2208) in font "name:Latin Modern Mono:mode
=node;script=latn;language=dflt;"!
] [22]) (../StreamKMpp/src/main/scala/streamkm/coreset/CoresetTree.scala
[23]
Missing character: There is no ∈ (U+2208) in font "name:Latin Modern Mono:mode
=node;script=latn;language=dflt;"!
Missing character: There is no ∈ (U+2208) in font "name:Latin Modern Mono:mode
=node;script=latn;language=dflt;"!
Missing character: There is no ∈ (U+2208) in font "name:Latin Modern Mono:mode
=node;script=latn;language=dflt;"!
Missing character: There is no ∈ (U+2208) in font "name:Latin Modern Mono:mode
=node;script=latn;language=dflt;"!
[24
Missing character: There is no ∈ (U+2208) in font "name:Latin Modern Mono:mode
=node;script=latn;language=dflt;"!
Missing character: There is no ∈ (U+2208) in font "name:Latin Modern Mono:mode
=node;script=latn;language=dflt;"!
]
Missing character: There is no ⚠ (U+26A0) in font "name:Latin Modern Mono:mode
=node;script=latn;language=dflt;"!
Missing character: There is no ⚠ (U+26A0) in font "name:Latin Modern Mono:mode
=node;script=latn;language=dflt;"!
Missing character: There is no ℓ (U+2113) in font "name:Latin Modern Mono:mode
=node;script=latn;language=dflt;"!
Missing character: There is no ℓ (U+2113) in font "name:Latin Modern Mono:mode
=node;script=latn;language=dflt;"!
Missing character: There is no ℓ (U+2113) in font "name:Latin Modern Mono:mode
=node;script=latn;language=dflt;"!
Missing character: There is no ℓ (U+2113) in font "name:Latin Modern Mono:mode
=node;script=latn;language=dflt;"!
[25
Missing character: There is no ⚠ (U+26A0) in font "name:Latin Modern Mono:mode
=node;script=latn;language=dflt;"!
Missing character: There is no ℓ (U+2113) in font "name:Latin Modern Mono:mode
=node;script=latn;language=dflt;"!
Missing character: There is no ℓ (U+2113) in font "name:Latin Modern Mono:mode
=node;script=latn;language=dflt;"!
] [26]) (../StreamKMpp/src/main/scala/streamkm/coreset/BucketManager.scala
Missing character: There is no ≥ (U+2265) in font "name:Latin Modern Mono:mode
=node;script=latn;language=dflt;"!
Missing character: There is no ≥ (U+2265) in font "name:Latin Modern Mono:mode
=node;script=latn;language=dflt;"!
Missing character: There is no ≥ (U+2265) in font "name:Latin Modern Mono:mode
=node;script=latn;language=dflt;"!
Missing character: There is no ≥ (U+2265) in font "name:Latin Modern Mono:mode
=node;script=latn;language=dflt;"!
Missing character: There is no ≈ (U+2248) in font "name:Latin Modern Mono:mode
=node;script=latn;language=dflt;"!
Missing character: There is no ≈ (U+2248) in font "name:Latin Modern Mono:mode
=node;script=latn;language=dflt;"!
[27
Missing character: There is no ≥ (U+2265) in font "name:Latin Modern Mono:mode
=node;script=latn;language=dflt;"!
Missing character: There is no ≥ (U+2265) in font "name:Latin Modern Mono:mode
=node;script=latn;language=dflt;"!
Missing character: There is no ≈ (U+2248) in font "name:Latin Modern Mono:mode
=node;script=latn;language=dflt;"!
]
Missing character: There is no ∪ (U+222A) in font "name:Latin Modern Mono:mode
=node;script=latn;language=dflt;"!
Missing character: There is no ∪ (U+222A) in font "name:Latin Modern Mono:mode
=node;script=latn;language=dflt;"!
Missing character: There is no ₂ (U+2082) in font "name:Latin Modern Mono:mode
=node;script=latn;language=dflt;"!
Missing character: There is no ₂ (U+2082) in font "name:Latin Modern Mono:mode
=node;script=latn;language=dflt;"!
[28
Missing character: There is no ∪ (U+222A) in font "name:Latin Modern Mono:mode
=node;script=latn;language=dflt;"!
]
Missing character: There is no ε (U+03B5) in font "name:Latin Modern Mono:mode=
node;script=latn;language=dflt;"!
Missing character: There is no ε (U+03B5) in font "name:Latin Modern Mono:mode=
node;script=latn;language=dflt;"!
Missing character: There is no ε (U+03B5) in font "name:Latin Modern Mono:mode=
node;script=latn;language=dflt;"!
Missing character: There is no ε (U+03B5) in font "name:Latin Modern Mono:mode=
node;script=latn;language=dflt;"!
Missing character: There is no ε (U+03B5) in font "name:Latin Modern Mono:mode=
node;script=latn;language=dflt;"!
Missing character: There is no δ (U+03B4) in font "name:Latin Modern Mono:mode=
node;script=latn;language=dflt;"!
Missing character: There is no ε (U+03B5) in font "name:Latin Modern Mono:mode=
node;script=latn;language=dflt;"!
Missing character: There is no δ (U+03B4) in font "name:Latin Modern Mono:mode=
node;script=latn;language=dflt;"!
Missing character: There is no ε (U+03B5) in font "name:Latin Modern Mono:mode=
node;script=latn;language=dflt;"!
Missing character: There is no δ (U+03B4) in font "name:Latin Modern Mono:mode=
node;script=latn;language=dflt;"!
Missing character: There is no ε (U+03B5) in font "name:Latin Modern Mono:mode=
node;script=latn;language=dflt;"!
Missing character: There is no δ (U+03B4) in font "name:Latin Modern Mono:mode=
node;script=latn;language=dflt;"!
Missing character: There is no ε (U+03B5) in font "name:Latin Modern Mono:mode=
node;script=latn;language=dflt;"!
Missing character: There is no δ (U+03B4) in font "name:Latin Modern Mono:mode=
node;script=latn;language=dflt;"!
Missing character: There is no ε (U+03B5) in font "name:Latin Modern Mono:mode=
node;script=latn;language=dflt;"!
Missing character: There is no δ (U+03B4) in font "name:Latin Modern Mono:mode=
node;script=latn;language=dflt;"!
[29
Missing character: There is no ₂ (U+2082) in font "name:Latin Modern Mono:mode
=node;script=latn;language=dflt;"!
Missing character: There is no ε (U+03B5) in font "name:Latin Modern Mono:mode=
node;script=latn;language=dflt;"!
Missing character: There is no ε (U+03B5) in font "name:Latin Modern Mono:mode=
node;script=latn;language=dflt;"!
Missing character: There is no ε (U+03B5) in font "name:Latin Modern Mono:mode=
node;script=latn;language=dflt;"!
Missing character: There is no δ (U+03B4) in font "name:Latin Modern Mono:mode=
node;script=latn;language=dflt;"!
Missing character: There is no ε (U+03B5) in font "name:Latin Modern Mono:mode=
node;script=latn;language=dflt;"!
Missing character: There is no δ (U+03B4) in font "name:Latin Modern Mono:mode=
node;script=latn;language=dflt;"!
Missing character: There is no ε (U+03B5) in font "name:Latin Modern Mono:mode=
node;script=latn;language=dflt;"!
Missing character: There is no δ (U+03B4) in font "name:Latin Modern Mono:mode=
node;script=latn;language=dflt;"!
]) (../StreamKMpp/src/main/scala/streamkm/spark/StreamKMPlusPlus.scala [30]
[31] [32]) (../StreamKMpp/src/main/scala/streamkm/spark/CostEvaluator.scala
[33]) (../StreamKMpp/src/main/scala/streamkm/experiments/QualityMetrics.scala
[34] [35] [36] [37] [38])
(C:/Users/asmab/AppData/Local/Programs/MiKTeX/tex/latex/listings/lstlang1.sty
File: lstlang1.sty 2025/11/14 1.11b listings language file
)
(C:/Users/asmab/AppData/Local/Programs/MiKTeX/tex/latex/listings/lstlang1.sty
File: lstlang1.sty 2025/11/14 1.11b listings language file
)
LaTeX Font Info:    Font shape `TU/LatinModernMono(0)/m/n' will be
(Font)              scaled to size 8.99994pt on input line 48.
LaTeX Font Info:    Font shape `TU/LatinModernMono(0)/m/it' will be
(Font)              scaled to size 8.99994pt on input line 49.

(../StreamKMpp/src/main/scala/streamkm/demo/Main.scala [39] [40])
(../StreamKMpp/src/test/scala/streamkm/TestData.scala [41])
(../StreamKMpp/src/test/scala/streamkm/core/KMeansSpec.scala [42] [43])
(../StreamKMpp/src/test/scala/streamkm/coreset/CoresetSpec.scala [44] [45]
Missing character: There is no ≈ (U+2248) in font "name:Latin Modern Mono:mode
=node;script=latn;language=dflt;"!
Missing character: There is no ≈ (U+2248) in font "name:Latin Modern Mono:mode
=node;script=latn;language=dflt;"!
[46
Missing character: There is no ≈ (U+2248) in font "name:Latin Modern Mono:mode
=node;script=latn;language=dflt;"!
]) (../StreamKMpp/src/test/scala/streamkm/spark/StreamKMSpec.scala
Missing character: There is no ε (U+03B5) in font "name:Latin Modern Mono:mode=
node;script=latn;language=dflt;"!
Missing character: There is no δ (U+03B4) in font "name:Latin Modern Mono:mode=
node;script=latn;language=dflt;"!
Missing character: There is no ε (U+03B5) in font "name:Latin Modern Mono:mode=
node;script=latn;language=dflt;"!
Missing character: There is no δ (U+03B4) in font "name:Latin Modern Mono:mode=
node;script=latn;language=dflt;"!
Missing character: There is no ε (U+03B5) in font "name:Latin Modern Mono:mode=
node;script=latn;language=dflt;"!
Missing character: There is no δ (U+03B4) in font "name:Latin Modern Mono:mode=
node;script=latn;language=dflt;"!
Missing character: There is no ε (U+03B5) in font "name:Latin Modern Mono:mode=
node;script=latn;language=dflt;"!
Missing character: There is no δ (U+03B4) in font "name:Latin Modern Mono:mode=
node;script=latn;language=dflt;"!
Missing character: There is no ε (U+03B5) in font "name:Latin Modern Mono:mode=
node;script=latn;language=dflt;"!
Missing character: There is no δ (U+03B4) in font "name:Latin Modern Mono:mode=
node;script=latn;language=dflt;"!
Missing character: There is no ε (U+03B5) in font "name:Latin Modern Mono:mode=
node;script=latn;language=dflt;"!
Missing character: There is no δ (U+03B4) in font "name:Latin Modern Mono:mode=
node;script=latn;language=dflt;"!
Missing character: There is no ε (U+03B5) in font "name:Latin Modern Mono:mode=
node;script=latn;language=dflt;"!
Missing character: There is no δ (U+03B4) in font "name:Latin Modern Mono:mode=
node;script=latn;language=dflt;"!
Missing character: There is no ε (U+03B5) in font "name:Latin Modern Mono:mode=
node;script=latn;language=dflt;"!
Missing character: There is no δ (U+03B4) in font "name:Latin Modern Mono:mode=
node;script=latn;language=dflt;"!
Missing character: There is no ε (U+03B5) in font "name:Latin Modern Mono:mode=
node;script=latn;language=dflt;"!
Missing character: There is no ε (U+03B5) in font "name:Latin Modern Mono:mode=
node;script=latn;language=dflt;"!
Missing character: There is no ε (U+03B5) in font "name:Latin Modern Mono:mode=
node;script=latn;language=dflt;"!
Missing character: There is no ε (U+03B5) in font "name:Latin Modern Mono:mode=
node;script=latn;language=dflt;"!
Missing character: There is no ε (U+03B5) in font "name:Latin Modern Mono:mode=
node;script=latn;language=dflt;"!
Missing character: There is no ε (U+03B5) in font "name:Latin Modern Mono:mode=
node;script=latn;language=dflt;"!
Missing character: There is no ε (U+03B5) in font "name:Latin Modern Mono:mode=
node;script=latn;language=dflt;"!
Missing character: There is no ε (U+03B5) in font "name:Latin Modern Mono:mode=
node;script=latn;language=dflt;"!
[47
Missing character: There is no ε (U+03B5) in font "name:Latin Modern Mono:mode=
node;script=latn;language=dflt;"!
Missing character: There is no δ (U+03B4) in font "name:Latin Modern Mono:mode=
node;script=latn;language=dflt;"!
Missing character: There is no ε (U+03B5) in font "name:Latin Modern Mono:mode=
node;script=latn;language=dflt;"!
Missing character: There is no δ (U+03B4) in font "name:Latin Modern Mono:mode=
node;script=latn;language=dflt;"!
Missing character: There is no ε (U+03B5) in font "name:Latin Modern Mono:mode=
node;script=latn;language=dflt;"!
Missing character: There is no δ (U+03B4) in font "name:Latin Modern Mono:mode=
node;script=latn;language=dflt;"!
Missing character: There is no ε (U+03B5) in font "name:Latin Modern Mono:mode=
node;script=latn;language=dflt;"!
Missing character: There is no δ (U+03B4) in font "name:Latin Modern Mono:mode=
node;script=latn;language=dflt;"!
Missing character: There is no ε (U+03B5) in font "name:Latin Modern Mono:mode=
node;script=latn;language=dflt;"!
Missing character: There is no ε (U+03B5) in font "name:Latin Modern Mono:mode=
node;script=latn;language=dflt;"!
Missing character: There is no ε (U+03B5) in font "name:Latin Modern Mono:mode=
node;script=latn;language=dflt;"!
Missing character: There is no ε (U+03B5) in font "name:Latin Modern Mono:mode=
node;script=latn;language=dflt;"!
]
Missing character: There is no ε (U+03B5) in font "name:Latin Modern Mono:mode=
node;script=latn;language=dflt;"!
Missing character: There is no ε (U+03B5) in font "name:Latin Modern Mono:mode=
node;script=latn;language=dflt;"!
Missing character: There is no ε (U+03B5) in font "name:Latin Modern Mono:mode=
node;script=latn;language=dflt;"!
Missing character: There is no ε (U+03B5) in font "name:Latin Modern Mono:mode=
node;script=latn;language=dflt;"!
[48
Missing character: There is no ε (U+03B5) in font "name:Latin Modern Mono:mode=
node;script=latn;language=dflt;"!
Missing character: There is no ε (U+03B5) in font "name:Latin Modern Mono:mode=
node;script=latn;language=dflt;"!
] [49] [50] [51]) [52]
(../StreamKMpp/src/test/scala/streamkm/spark/CostEvaluatorSpec.scala [53]))
[54] (./report.aux)
 ***********
LaTeX2e <2025-11-01>
L3 programming layer <2025-12-24>
 ***********


LaTeX Font Warning: Some font shapes were not available, defaults substituted.

Package rerunfilecheck Info: File `report.out' has not changed.
(rerunfilecheck)             Checksum: F50A524078436467931A9D1FDC3D33C1;10329.
)

Here is how much of LuaTeX's memory you used:
 43909 strings out of 476081
 1457013,1977958 words of node,token memory allocated
 7645 words of node memory still in use:
   7 hlist, 2 vlist, 2 rule, 447 glue, 4 kern, 1 penalty, 2 glyph, 1122 attribut
e, 320 glue_spec, 226 attribute_list, 2 write, 2 pdf_action nodes
   avail lists: 1:4,2:43136,3:797,4:32982,5:24255,6:138,7:62159,8:76,9:60558,10:
54,11:2274
 62598 multiletter control sequences out of 65536+600000
 82 fonts using 7801407 bytes
 99i,19n,104p,1118b,2424s stack positions out of 10000i,1000n,20000p,200000b,200000s
<C:/Users/asmab/AppData/Local/Programs/MiKTeX/fonts/opentype/public/lm/lmmono9-r
egular.otf><C:/Users/asmab/AppData/Local/Programs/MiKTeX/fonts/opentype/public/l
m/lmroman8-regular.otf><C:/Users/asmab/AppData/Local/Programs/MiKTeX/fonts/opent
ype/public/lm/lmmono10-italic.otf><C:/Users/asmab/AppData/Local/Programs/MiKTeX/
fonts/opentype/public/lm/lmmono8-regular.otf><C:/Users/asmab/AppData/Local/Progr
ams/MiKTeX/fonts/opentype/public/lm/lmroman6-regular.otf><C:/Users/asmab/AppData
/Local/Programs/MiKTeX/fonts/opentype/public/lm/lmroman9-regular.otf><C:/Users/a
smab/AppData/Local/Programs/MiKTeX/fonts/opentype/public/lm/lmroman10-bolditalic
.otf><C:/Users/asmab/AppData/Local/Programs/MiKTeX/fonts/opentype/public/lm/lmmo
no10-regular.otf><C:/Users/asmab/AppData/Local/Programs/MiKTeX/fonts/opentype/pu
blic/lm/lmroman10-italic.otf><c:/users/asmab/appdata/local/programs/miktex/fonts
/opentype/public/lm/lmroman10-regular.otf><c:/users/asmab/appdata/local/programs
/miktex/fonts/opentype/public/lm/lmroman10-bold.otf><C:/Users/asmab/AppData/Loca
l/Programs/MiKTeX/fonts/opentype/public/lm/lmroman12-regular.otf><C:/Users/asmab
/AppData/Local/Programs/MiKTeX/fonts/opentype/public/lm/lmroman12-bold.otf><C:/U
sers/asmab/AppData/Local/Programs/MiKTeX/fonts/type1/public/amsfonts/cm/cmex10.p
fb><C:/Users/asmab/AppData/Local/Programs/MiKTeX/fonts/type1/public/amsfonts/cm/
cmmi10.pfb><C:/Users/asmab/AppData/Local/Programs/MiKTeX/fonts/type1/public/amsf
onts/cm/cmmi12.pfb><C:/Users/asmab/AppData/Local/Programs/MiKTeX/fonts/type1/pub
lic/amsfonts/cm/cmmi8.pfb><C:/Users/asmab/AppData/Local/Programs/MiKTeX/fonts/ty
pe1/public/amsfonts/cm/cmr10.pfb><C:/Users/asmab/AppData/Local/Programs/MiKTeX/f
onts/type1/public/amsfonts/cm/cmr8.pfb><C:/Users/asmab/AppData/Local/Programs/Mi
KTeX/fonts/type1/public/amsfonts/cm/cmsy10.pfb><C:/Users/asmab/AppData/Local/Pro
grams/MiKTeX/fonts/type1/public/amsfonts/cm/cmsy8.pfb>
Output written on report.pdf (54 pages, 955510 bytes).

PDF statistics: 3268 PDF objects out of 3580 (max. 8388607)
 2632 named destinations out of 2984 (max. 1048576)
 328 words of extra memory for PDF output out of 10000 (max. 100000000)

