\BOOKMARK [1][-]{section.1}{\376\377\000D\000e\000s\000c\000r\000i\000p\000t\000i\000o\000n\000\040\000d\000e\000\040\000l\000a\000\040\000s\000o\000l\000u\000t\000i\000o\000n\000\040\000a\000d\000o\000p\000t\000\351\000e}{}% 1
\BOOKMARK [2][-]{subsection.1.1}{\376\377\000L\000e\000\040\000p\000r\000o\000b\000l\000\350\000m\000e\000\040\000:\000\040\000c\000l\000u\000s\000t\000e\000r\000i\000n\000g\000\040\000k\000-\000m\000e\000a\000n\000s\000\040\000s\000u\000r\000\040\000u\000n\000\040\000f\000l\000u\000x\000\040\000d\000e\000\040\000d\000o\000n\000n\000\351\000e\000s}{section.1}% 2
\BOOKMARK [2][-]{subsection.1.2}{\376\377\000C\000o\000r\000e\000s\000e\000t\000\040\000e\000t\000\040\000g\000a\000r\000a\000n\000t\000i\000e\000\040\000d\000'\000a\000p\000p\000r\000o\000x\000i\000m\000a\000t\000i\000o\000n}{section.1}% 3
\BOOKMARK [2][-]{subsection.1.3}{\376\377\000C\000o\000n\000s\000t\000r\000u\000c\000t\000i\000o\000n\000\040\000d\000u\000\040\000c\000o\000r\000e\000s\000e\000t\000\040\000:\000\040\000l\000e\000\040\000c\000o\000r\000e\000s\000e\000t\000\040\000t\000r\000e\000e}{section.1}% 4
\BOOKMARK [2][-]{subsection.1.4}{\376\377\000T\000r\000a\000i\000t\000e\000m\000e\000n\000t\000\040\000d\000u\000\040\000f\000l\000u\000x\000\040\000:\000\040\000m\000e\000r\000g\000e\000-\000a\000n\000d\000-\000r\000e\000d\000u\000c\000e}{section.1}% 5
\BOOKMARK [2][-]{subsection.1.5}{\376\377\000C\000e\000\040\000q\000u\000i\000\040\000c\000h\000a\000n\000g\000e\000\040\000e\000n\000\040\000p\000a\000s\000s\000a\000n\000t\000\040\000d\000e\000\040\000F\000l\000i\000n\000k\000\040\000\340\000\040\000S\000p\000a\000r\000k}{section.1}% 6
\BOOKMARK [1][-]{section.2}{\376\377\000A\000l\000g\000o\000r\000i\000t\000h\000m\000e\000s\000\040\000c\000o\000n\000\347\000u\000s}{}% 7
\BOOKMARK [2][-]{subsection.2.1}{\376\377\000S\000e\000e\000d\000i\000n\000g\000\040\000D\0002\000\040\000\050\000k\000-\000m\000e\000a\000n\000s\000+\000+\000\051\000\040\000e\000t\000\040\000a\000l\000g\000o\000r\000i\000t\000h\000m\000e\000\040\000d\000e\000\040\000L\000l\000o\000y\000d}{section.2}% 8
\BOOKMARK [2][-]{subsection.2.2}{\376\377\000C\000o\000n\000s\000t\000r\000u\000c\000t\000i\000o\000n\000\040\000d\000u\000\040\000c\000o\000r\000e\000s\000e\000t\000\040\000\050\000c\000o\000r\000e\000s\000e\000t\000\040\000t\000r\000e\000e\000\051}{section.2}% 9
\BOOKMARK [2][-]{subsection.2.3}{\376\377\000M\000e\000r\000g\000e\000-\000a\000n\000d\000-\000r\000e\000d\000u\000c\000e\000\040\000:\000\040\000c\000o\000n\000s\000o\000m\000m\000a\000t\000i\000o\000n\000\040\000d\000u\000\040\000f\000l\000u\000x}{section.2}% 10
\BOOKMARK [2][-]{subsection.2.4}{\376\377\000P\000o\000r\000t\000a\000g\000e\000\040\000S\000p\000a\000r\000k\000\040\000:\000\040\000f\000u\000s\000i\000o\000n\000\040\000e\000n\000\040\000a\000r\000b\000r\000e\000\040\000p\000l\000u\000t\000\364\000t\000\040\000q\000u\000e\000\040\000s\000\351\000q\000u\000e\000n\000t\000i\000e\000l\000l\000e}{section.2}% 11
\BOOKMARK [1][-]{section.3}{\376\377\000I\000m\000p\000l\000\351\000m\000e\000n\000t\000a\000t\000i\000o\000n\000\040\000e\000t\000\040\000c\000o\000m\000m\000e\000n\000t\000a\000i\000r\000e\000\040\000d\000u\000\040\000c\000o\000d\000e}{}% 12
\BOOKMARK [2][-]{subsection.3.1}{\376\377\000S\000t\000r\000u\000c\000t\000u\000r\000e\000\040\000d\000e\000\040\000d\000o\000n\000n\000\351\000e\000s\000\040\000:\000\040\000l\000e\000\040\000p\000o\000i\000n\000t\000\040\000p\000o\000n\000d\000\351\000r\000\351}{section.3}% 13
\BOOKMARK [2][-]{subsection.3.2}{\376\377\000S\000e\000e\000d\000i\000n\000g\000\040\000D\0002\000\040\000p\000o\000n\000d\000\351\000r\000\351}{section.3}% 14
\BOOKMARK [2][-]{subsection.3.3}{\376\377\000L\000l\000o\000y\000d\000\040\000p\000o\000n\000d\000\351\000r\000\351\000\040\000e\000t\000\040\000s\000o\000n\000\040\000i\000n\000v\000a\000r\000i\000a\000n\000t\000\040\000d\000e\000\040\000m\000o\000n\000o\000t\000o\000n\000i\000e}{section.3}% 15
\BOOKMARK [2][-]{subsection.3.4}{\376\377\000C\000o\000r\000e\000s\000e\000t\000\040\000t\000r\000e\000e\000\040\000:\000\040\000l\000a\000\040\000d\000e\000s\000c\000e\000n\000t\000e\000\040\000p\000o\000n\000d\000\351\000r\000\351\000e\000\040\000p\000a\000r\000\040\000l\000e\000\040\000c\000o\000\373\000t}{section.3}% 16
\BOOKMARK [2][-]{subsection.3.5}{\376\377\000M\000e\000r\000g\000e\000-\000a\000n\000d\000-\000r\000e\000d\000u\000c\000e\000\040\000:\000\040\000c\000o\000n\000s\000o\000m\000m\000a\000t\000i\000o\000n\000\040\000d\000u\000\040\000f\000l\000u\000x\000\040\000p\000a\000r\000\040\000c\000a\000s\000c\000a\000d\000e\000\040\000d\000e\000\040\000b\000u\000c\000k\000e\000t\000s}{section.3}% 17
\BOOKMARK [2][-]{subsection.3.6}{\376\377\000F\000u\000s\000i\000o\000n\000\040\000d\000e\000\040\000d\000e\000u\000x\000\040\000B\000u\000c\000k\000e\000t\000M\000a\000n\000a\000g\000e\000r\000\040\000:\000\040\000l\000e\000\040\000c\000o\000m\000b\000O\000p\000\040\000d\000u\000\040\000p\000o\000r\000t\000a\000g\000e\000\040\000S\000p\000a\000r\000k}{section.3}% 18
\BOOKMARK [2][-]{subsection.3.7}{\376\377\000P\000o\000r\000t\000a\000g\000e\000\040\000S\000p\000a\000r\000k\000\040\000:\000\040\000p\000o\000u\000r\000q\000u\000o\000i\000\040\000t\000r\000e\000e\000R\000e\000d\000u\000c\000e\000\040\000p\000l\000u\000t\000\364\000t\000\040\000q\000u\000e\000\040\000t\000r\000e\000e\000A\000g\000g\000r\000e\000g\000a\000t\000e}{section.3}% 19
\BOOKMARK [2][-]{subsection.3.8}{\376\377\000I\000n\000s\000t\000r\000u\000m\000e\000n\000t\000\040\000d\000e\000\040\000m\000e\000s\000u\000r\000e\000\040\000:\000\040\000C\000o\000s\000t\000E\000v\000a\000l\000u\000a\000t\000o\000r}{section.3}% 20
\BOOKMARK [2][-]{subsection.3.9}{\376\377\000V\000a\000l\000i\000d\000a\000t\000i\000o\000n\000\040\000:\000\040\000s\000u\000i\000t\000e\000\040\000d\000e\000\040\000t\000e\000s\000t\000s}{section.3}% 21
\BOOKMARK [1][-]{section.4}{\376\377\000A\000n\000a\000l\000y\000s\000e\000\040\000e\000x\000p\000\351\000r\000i\000m\000e\000n\000t\000a\000l\000e}{}% 22
\BOOKMARK [2][-]{subsection.4.1}{\376\377\000J\000e\000u\000\040\000d\000e\000\040\000d\000o\000n\000n\000\351\000e\000s}{section.4}% 23
\BOOKMARK [2][-]{subsection.4.2}{\376\377\000I\000n\000s\000t\000r\000u\000m\000e\000n\000t\000\040\000d\000e\000\040\000m\000e\000s\000u\000r\000e\000\040\000:\000\040\000Q\000u\000a\000l\000i\000t\000y\000M\000e\000t\000r\000i\000c\000s}{section.4}% 24
\BOOKMARK [2][-]{subsection.4.3}{\376\377\000E\000x\000p\000\351\000r\000i\000e\000n\000c\000e\000\040\0001\000\040\000:\000\040\000n\000o\000n\000-\000r\000\351\000g\000r\000e\000s\000s\000i\000o\000n\000\040\000e\000t\000\040\000c\000o\000m\000p\000a\000r\000a\000i\000s\000o\000n\000\040\000\340\000\040\000M\000L\000l\000i\000b\000,\000\040\000\340\000\040\000k\000\040\000v\000a\000r\000i\000a\000b\000l\000e}{section.4}% 25
\BOOKMARK [2][-]{subsection.4.4}{\376\377\000E\000x\000p\000\351\000r\000i\000e\000n\000c\000e\000\040\0002\000\040\000:\000\040\000t\000r\000a\000d\000e\000-\000o\000f\000f\000\040\000q\000u\000a\000l\000i\000t\000\351\000\040\000v\000s\000.\000\040\000t\000a\000i\000l\000l\000e\000\040\000d\000u\000\040\000c\000o\000r\000e\000s\000e\000t\000\040\000m}{section.4}% 26
\BOOKMARK [2][-]{subsection.4.5}{\376\377\000S\000c\000a\000l\000a\000b\000i\000l\000i\000t\000\351\000\040\000\050\000t\000e\000m\000p\000s\000\040\000d\000'\000e\000x\000\351\000c\000u\000t\000i\000o\000n\000\051\000\040\000:\000\040\000r\000\351\000s\000u\000l\000t\000a\000t\000s\000\040\000\340\000\040\000i\000n\000t\000\351\000g\000r\000e\000r}{section.4}% 27
\BOOKMARK [1][-]{section.5}{\376\377\000D\000i\000s\000c\000u\000s\000s\000i\000o\000n\000\040\000:\000\040\000p\000o\000i\000n\000t\000s\000\040\000f\000o\000r\000t\000s\000\040\000e\000t\000\040\000p\000o\000i\000n\000t\000s\000\040\000f\000a\000i\000b\000l\000e\000s}{}% 28
\BOOKMARK [2][-]{subsection.5.1}{\376\377\000P\000o\000i\000n\000t\000s\000\040\000f\000o\000r\000t\000s}{section.5}% 29
\BOOKMARK [2][-]{subsection.5.2}{\376\377\000P\000o\000i\000n\000t\000s\000\040\000f\000a\000i\000b\000l\000e\000s\000\040\000e\000t\000\040\000l\000i\000m\000i\000t\000a\000t\000i\000o\000n\000s\000\040\000a\000s\000s\000u\000m\000\351\000e\000s}{section.5}% 30
\BOOKMARK [1][-]{section.6}{\376\377\000C\000o\000n\000c\000l\000u\000s\000i\000o\000n}{}% 31
\BOOKMARK [1][-]{appendix.A}{\376\377\000C\000o\000d\000e\000\040\000s\000o\000u\000r\000c\000e\000\040\000c\000o\000m\000p\000l\000e\000t}{}% 32
\BOOKMARK [2][-]{subsection.A.1}{\376\377\000C\000o\000n\000f\000i\000g\000u\000r\000a\000t\000i\000o\000n\000\040\000d\000u\000\040\000p\000r\000o\000j\000e\000t}{appendix.A}% 33
\BOOKMARK [2][-]{subsection.A.2}{\376\377\000C\000o\000u\000c\000h\000e\000\040\000c\000o\000r\000e\000\040\000:\000\040\000s\000t\000r\000u\000c\000t\000u\000r\000e\000s\000\040\000d\000e\000\040\000d\000o\000n\000n\000\351\000e\000s\000\040\000e\000t\000\040\000k\000-\000m\000e\000a\000n\000s}{appendix.A}% 34
\BOOKMARK [2][-]{subsection.A.3}{\376\377\000C\000o\000u\000c\000h\000e\000\040\000c\000o\000r\000e\000s\000e\000t\000\040\000:\000\040\000c\000o\000r\000e\000s\000e\000t\000\040\000t\000r\000e\000e\000\040\000e\000t\000\040\000m\000e\000r\000g\000e\000-\000a\000n\000d\000-\000r\000e\000d\000u\000c\000e}{appendix.A}% 35
\BOOKMARK [2][-]{subsection.A.4}{\376\377\000C\000o\000u\000c\000h\000e\000\040\000s\000p\000a\000r\000k\000\040\000:\000\040\000p\000o\000r\000t\000a\000g\000e\000\040\000d\000i\000s\000t\000r\000i\000b\000u\000\351}{appendix.A}% 36
\BOOKMARK [2][-]{subsection.A.5}{\376\377\000C\000o\000u\000c\000h\000e\000\040\000e\000x\000p\000e\000r\000i\000m\000e\000n\000t\000s\000\040\000:\000\040\000h\000a\000r\000n\000a\000i\000s\000\040\000d\000e\000\040\000m\000e\000s\000u\000r\000e\000\040\000d\000e\000\040\000q\000u\000a\000l\000i\000t\000\351}{appendix.A}% 37
\BOOKMARK [2][-]{subsection.A.6}{\376\377\000D\000\351\000m\000o\000n\000s\000t\000r\000a\000t\000e\000u\000r\000\040\000e\000x\000\351\000c\000u\000t\000a\000b\000l\000e\000\040\000s\000u\000r\000\040\000p\000e\000t\000i\000t\000e\000s\000\040\000d\000o\000n\000n\000\351\000e\000s}{appendix.A}% 38
\BOOKMARK [2][-]{subsection.A.7}{\376\377\000S\000u\000i\000t\000e\000\040\000d\000e\000\040\000t\000e\000s\000t\000s}{appendix.A}% 39
